 gpucoder_sobelEdge_sfun

 Timestamp is 5a5b4945 (Sun Jan 14 07:12:53 2018)

 Preferred load address is 0000000180000000

 Start         Length     Name                   Class
 0001:00000000 0000ef60H .text$mn                CODE
 0001:0000ef60 00000012H .text$mn$00             CODE
 0001:0000ef72 00000081H .text$x                 CODE
 0002:00000000 000004f0H .idata$5                DATA
 0002:000004f0 00000010H .00cfg                  DATA
 0002:00000500 00000008H .CRT$XCA                DATA
 0002:00000508 00000008H .CRT$XCZ                DATA
 0002:00000510 00000008H .CRT$XIA                DATA
 0002:00000518 00000008H .CRT$XIZ                DATA
 0002:00000520 00000008H .CRT$XPA                DATA
 0002:00000528 00000008H .CRT$XPZ                DATA
 0002:00000530 00000008H .CRT$XTA                DATA
 0002:00000538 00000008H .CRT$XTZ                DATA
 0002:00000540 000001a4H .rdata                  DATA
 0002:000006e4 0000022cH .rdata$zzzdbg           DATA
 0002:00000910 00000008H .rtc$IAA                DATA
 0002:00000918 00000008H .rtc$IZZ                DATA
 0002:00000920 00000008H .rtc$TAA                DATA
 0002:00000928 00000008H .rtc$TZZ                DATA
 0002:00000930 00000890H .xdata                  DATA
 0002:000011c0 00000084H .edata                  DATA
 0002:00001244 000000f0H .idata$2                DATA
 0002:00001334 00000014H .idata$3                DATA
 0002:00001348 000004f0H .idata$4                DATA
 0002:00001838 00000ec8H .idata$6                DATA
 0003:00000000 00003060H .data                   DATA
 0003:00003060 00001630H .bss                    DATA
 0004:00000000 00000a50H .pdata                  DATA
 0005:00000000 00000018H .gfids$y                DATA

  Address         Publics by Value              Rva+Base               Lib:Object

 0000:00000000       __guard_longjmp_table      0000000000000000     <absolute>
 0000:00000000       __guard_iat_count          0000000000000000     <absolute>
 0000:00000000       __guard_fids_count         0000000000000000     <absolute>
 0000:00000000       __guard_fids_table         0000000000000000     <absolute>
 0000:00000000       __guard_longjmp_count      0000000000000000     <absolute>
 0000:00000000       ___safe_se_handler_count   0000000000000000     <absolute>
 0000:00000000       __dynamic_value_reloc_table 0000000000000000     <absolute>
 0000:00000000       __guard_iat_table          0000000000000000     <absolute>
 0000:00000000       ___safe_se_handler_table   0000000000000000     <absolute>
 0000:00000100       __guard_flags              0000000000000100     <absolute>
 0000:00000000       __ImageBase                0000000180000000     <linker-defined>
 0001:00000000       gpucoder_sobelEdge_initializer 0000000180001000 f   gpucoder_sobelEdge_sfun.obj
 0001:00000010       gpucoder_sobelEdge_terminator 0000000180001010 f   gpucoder_sobelEdge_sfun.obj
 0001:00000020       load_gpucoder_sobelEdge_optimization_info 0000000180001020 f   gpucoder_sobelEdge_sfun.obj
 0001:000000d0       unload_gpucoder_sobelEdge_optimization_info 00000001800010d0 f   gpucoder_sobelEdge_sfun.obj
 0001:00000100       sf_gpucoder_sobelEdge_method_dispatcher 0000000180001100 f   gpucoder_sobelEdge_sfun.obj
 0001:00000150       sf_gpucoder_sobelEdge_process_check_sum_call 0000000180001150 f   gpucoder_sobelEdge_sfun.obj
 0001:00000640       sf_gpucoder_sobelEdge_autoinheritance_info 0000000180001640 f   gpucoder_sobelEdge_sfun.obj
 0001:00000820       sf_gpucoder_sobelEdge_get_eml_resolved_functions_info 0000000180001820 f   gpucoder_sobelEdge_sfun.obj
 0001:00000a00       sf_gpucoder_sobelEdge_third_party_uses_info 0000000180001a00 f   gpucoder_sobelEdge_sfun.obj
 0001:00000bd0       sf_gpucoder_sobelEdge_jit_fallback_info 0000000180001bd0 f   gpucoder_sobelEdge_sfun.obj
 0001:00000da0       sf_gpucoder_sobelEdge_updateBuildInfo_args_info 0000000180001da0 f   gpucoder_sobelEdge_sfun.obj
 0001:00000f70       gpucoder_sobelEdge_debug_initialize 0000000180001f70 f   gpucoder_sobelEdge_sfun.obj
 0001:00000ff0       gpucoder_sobelEdge_register_exported_symbols 0000000180001ff0 f   gpucoder_sobelEdge_sfun.obj
 0001:00001000       sf_c2_gpucoder_sobelEdge_get_eml_resolved_functions_info 0000000180002000 f   c2_gpucoder_sobelEdge.obj
 0001:00001090       sf_c2_gpucoder_sobelEdge_get_check_sum 0000000180002090 f   c2_gpucoder_sobelEdge.obj
 0001:00001160       c2_gpucoder_sobelEdge_method_dispatcher 0000000180002160 f   c2_gpucoder_sobelEdge.obj
 0001:000031b0       sf_c2_gpucoder_sobelEdge_get_post_codegen_info 00000001800041b0 f   c2_gpucoder_sobelEdge.obj
 0001:00003280       sf_c2_gpucoder_sobelEdge_get_autoinheritance_info 0000000180004280 f   c2_gpucoder_sobelEdge.obj
 0001:00003750       sf_c2_gpucoder_sobelEdge_third_party_uses_info 0000000180004750 f   c2_gpucoder_sobelEdge.obj
 0001:000037a0       sf_c2_gpucoder_sobelEdge_jit_fallback_info 00000001800047a0 f   c2_gpucoder_sobelEdge.obj
 0001:00003930       sf_c2_gpucoder_sobelEdge_updateBuildInfo_args_info 0000000180004930 f   c2_gpucoder_sobelEdge.obj
 0001:000045c0       mexFunction                00000001800055c0 f   gpucoder_sobelEdge_sfun_registry.obj
 0001:00006b80       _ssSetInputPortDirectFeedThroughFcn 0000000180007b80 f   gpucoder_sobelEdge_sfun_registry.obj
 0001:00006cf0       _ssGetInputPortSignalPtrsFcn 0000000180007cf0 f   gpucoder_sobelEdge_sfun_registry.obj
 0001:00007080       _ssGetInputPortSignalFcn   0000000180008080 f   gpucoder_sobelEdge_sfun_registry.obj
 0001:00007410       _ssSetInputPortReusableFcn 0000000180008410 f   gpucoder_sobelEdge_sfun_registry.obj
 0001:00007510       _ssSetOutputPortReusableFcn 0000000180008510 f   gpucoder_sobelEdge_sfun_registry.obj
 0001:00007610       _ssSetSymbolicDimsSupport  0000000180008610 f   gpucoder_sobelEdge_sfun_registry.obj
 0001:00007680       _ssRegisterSymbolicDimsExpr 0000000180008680 f   gpucoder_sobelEdge_sfun_registry.obj
 0001:00007700       _ssRegisterSymbolicDims    0000000180008700 f   gpucoder_sobelEdge_sfun_registry.obj
 0001:000077a0       _ssRegisterSymbolicDimsString 00000001800087a0 f   gpucoder_sobelEdge_sfun_registry.obj
 0001:00007820       _ssRegisterSymbolicDimsIntValue 0000000180008820 f   gpucoder_sobelEdge_sfun_registry.obj
 0001:00007890       _ssRegisterSymbolicDimsPlus 0000000180008890 f   gpucoder_sobelEdge_sfun_registry.obj
 0001:00007910       _ssRegisterSymbolicDimsMinus 0000000180008910 f   gpucoder_sobelEdge_sfun_registry.obj
 0001:00007990       _ssRegisterSymbolicDimsMultiply 0000000180008990 f   gpucoder_sobelEdge_sfun_registry.obj
 0001:00007a10       _ssRegisterSymbolicDimsDivide 0000000180008a10 f   gpucoder_sobelEdge_sfun_registry.obj
 0001:00007a90       _ssGetNumSymbolicDims      0000000180008a90 f   gpucoder_sobelEdge_sfun_registry.obj
 0001:00007b00       _ssGetSymbolicDim          0000000180008b00 f   gpucoder_sobelEdge_sfun_registry.obj
 0001:00007b80       _ssSetInputPortSymbolicDimsId 0000000180008b80 f   gpucoder_sobelEdge_sfun_registry.obj
 0001:00007bf0       _ssGetCompInputPortSymbolicDimsId 0000000180008bf0 f   gpucoder_sobelEdge_sfun_registry.obj
 0001:00007c60       _ssSetCompInputPortSymbolicDimsId 0000000180008c60 f   gpucoder_sobelEdge_sfun_registry.obj
 0001:00007cd0       _ssSetOutputPortSymbolicDimsId 0000000180008cd0 f   gpucoder_sobelEdge_sfun_registry.obj
 0001:00007d40       _ssGetCompOutputPortSymbolicDimsId 0000000180008d40 f   gpucoder_sobelEdge_sfun_registry.obj
 0001:00007db0       _ssSetCompOutputPortSymbolicDimsId 0000000180008db0 f   gpucoder_sobelEdge_sfun_registry.obj
 0001:00007e20       _ssSetCompDWorkSymbolicDimsId 0000000180008e20 f   gpucoder_sobelEdge_sfun_registry.obj
 0001:00007e90       ssGetIsZeroCrossControlDisabled 0000000180008e90 f   gpucoder_sobelEdge_sfun_registry.obj
 0001:00007f00       ssSetIsInputPortUsedForContZcSignal 0000000180008f00 f   gpucoder_sobelEdge_sfun_registry.obj
 0001:00007f70       ssSetZcSignalIsZcElementDisc 0000000180008f70 f   gpucoder_sobelEdge_sfun_registry.obj
 0001:00008020       ssSetZcSignalName          0000000180009020 f   gpucoder_sobelEdge_sfun_registry.obj
 0001:00008090       ssSetZcSignalWidth         0000000180009090 f   gpucoder_sobelEdge_sfun_registry.obj
 0001:00008100       ssSetZcSignalZcEventType   0000000180009100 f   gpucoder_sobelEdge_sfun_registry.obj
 0001:00008170       ssSetZcSignalType          0000000180009170 f   gpucoder_sobelEdge_sfun_registry.obj
 0001:000081e0       ssSetZcSignalZcTol         00000001800091e0 f   gpucoder_sobelEdge_sfun_registry.obj
 0001:00008250       ssSetZcSignalNeedsEventNotification 0000000180009250 f   gpucoder_sobelEdge_sfun_registry.obj
 0001:000082c0       ssCreateAndAddZcSignalInfo 00000001800092c0 f   gpucoder_sobelEdge_sfun_registry.obj
 0001:00008330       ssCloneAndAddZcSignalInfo  0000000180009330 f   gpucoder_sobelEdge_sfun_registry.obj
 0001:000083a0       ssGetNumZcSignals          00000001800093a0 f   gpucoder_sobelEdge_sfun_registry.obj
 0001:00008410       ssGetZcSignalVector        0000000180009410 f   gpucoder_sobelEdge_sfun_registry.obj
 0001:00008480       ssGetZcSignalName          0000000180009480 f   gpucoder_sobelEdge_sfun_registry.obj
 0001:000084f0       ssGetZcSignalWidth         00000001800094f0 f   gpucoder_sobelEdge_sfun_registry.obj
 0001:00008560       ssGetZcSignalZcEventType   0000000180009560 f   gpucoder_sobelEdge_sfun_registry.obj
 0001:000085d0       ssGetZcSignalZcEvents      00000001800095d0 f   gpucoder_sobelEdge_sfun_registry.obj
 0001:00008640       ssGetZcSignalType          0000000180009640 f   gpucoder_sobelEdge_sfun_registry.obj
 0001:000086b0       ssGetZcSignalZcTol         00000001800096b0 f   gpucoder_sobelEdge_sfun_registry.obj
 0001:00008730       ssGetZcSignalNeedsEventNotification 0000000180009730 f   gpucoder_sobelEdge_sfun_registry.obj
 0001:000087a0       ssGetZcSignalIsZcElementDisc 00000001800097a0 f   gpucoder_sobelEdge_sfun_registry.obj
 0001:00008840       ssGetIsInputPortElementContinuous 0000000180009840 f   gpucoder_sobelEdge_sfun_registry.obj
 0001:000088e0       _ssSetIWorkValueFcn        00000001800098e0 f   gpucoder_sobelEdge_sfun_registry.obj
 0001:00008960       _ssGetIWorkValueFcn        0000000180009960 f   gpucoder_sobelEdge_sfun_registry.obj
 0001:000089d0       _ssSetRWorkValueFcn        00000001800099d0 f   gpucoder_sobelEdge_sfun_registry.obj
 0001:00008a50       _ssGetRWorkValueFcn        0000000180009a50 f   gpucoder_sobelEdge_sfun_registry.obj
 0001:00008ac0       _ssSetPWorkValueFcn        0000000180009ac0 f   gpucoder_sobelEdge_sfun_registry.obj
 0001:00008b40       _ssGetPWorkValueFcn        0000000180009b40 f   gpucoder_sobelEdge_sfun_registry.obj
 0001:00008bb0       ssGetDTypeIdFromMxArray    0000000180009bb0 f   gpucoder_sobelEdge_sfun_registry.obj
 0001:00008cd0       ssWriteRTWStr              0000000180009cd0 f   gpucoder_sobelEdge_sfun_registry.obj
 0001:00008d30       ssWriteRTWNameValuePair    0000000180009d30 f   gpucoder_sobelEdge_sfun_registry.obj
 0001:00009230       ssWriteRTWParamSettings    000000018000a230 f   gpucoder_sobelEdge_sfun_registry.obj
 0001:00009920       ssWriteRTWParameters       000000018000a920 f   gpucoder_sobelEdge_sfun_registry.obj
 0001:00009ee0       ssWriteRTWWorkVect         000000018000aee0 f   gpucoder_sobelEdge_sfun_registry.obj
 0001:0000a440       ssWriteRTWMxVectParam      000000018000b440 f   gpucoder_sobelEdge_sfun_registry.obj
 0001:0000a4c0       ssWriteRTWMx2dMatParam     000000018000b4c0 f   gpucoder_sobelEdge_sfun_registry.obj
 0001:0000a550       _ssSetInputPortMatrixDimensions 000000018000b550 f   gpucoder_sobelEdge_sfun_registry.obj
 0001:0000a670       _ssSetOutputPortMatrixDimensions 000000018000b670 f   gpucoder_sobelEdge_sfun_registry.obj
 0001:0000a790       _ssSetInputPortVectorDimension 000000018000b790 f   gpucoder_sobelEdge_sfun_registry.obj
 0001:0000a840       _ssSetOutputPortVectorDimension 000000018000b840 f   gpucoder_sobelEdge_sfun_registry.obj
 0001:0000a8f0       ssIsRunTimeParamTunable    000000018000b8f0 f   gpucoder_sobelEdge_sfun_registry.obj
 0001:0000a960       ssGetSFuncBlockHandle      000000018000b960 f   gpucoder_sobelEdge_sfun_registry.obj
 0001:0000a9d0       _ssGetCurrentInputPortWidth 000000018000b9d0 f   gpucoder_sobelEdge_sfun_registry.obj
 0001:0000aaf0       _ssGetCurrentOutputPortWidth 000000018000baf0 f   gpucoder_sobelEdge_sfun_registry.obj
 0001:0000ac10       _ssGetCallSystemNumFcnCallDestinations 000000018000bc10 f   gpucoder_sobelEdge_sfun_registry.obj
 0001:0000ac80       ssGetParameterTuningCompliance 000000018000bc80 f   gpucoder_sobelEdge_sfun_registry.obj
 0001:0000acf0       ssWarning                  000000018000bcf0 f   gpucoder_sobelEdge_sfun_registry.obj
 0001:0000ade0       _ssGetAbsTol               000000018000bde0 f   gpucoder_sobelEdge_sfun_registry.obj
 0001:0000ae50       _ssSetStateAbsTol          000000018000be50 f   gpucoder_sobelEdge_sfun_registry.obj
 0001:0000af30       sf_process_check_sum_call  000000018000bf30 f   gpucoder_sobelEdge_sfun_registry.obj
 0001:0000af80       sf_process_autoinheritance_call 000000018000bf80 f   gpucoder_sobelEdge_sfun_registry.obj
 0001:0000b1b0       sf_process_get_third_party_uses_info_call 000000018000c1b0 f   gpucoder_sobelEdge_sfun_registry.obj
 0001:0000b3e0       sf_process_get_jit_fallback_info_call 000000018000c3e0 f   gpucoder_sobelEdge_sfun_registry.obj
 0001:0000b610       sf_process_get_updateBuildInfo_args_info_call 000000018000c610 f   gpucoder_sobelEdge_sfun_registry.obj
 0001:0000b840       sf_process_get_eml_resolved_functions_info_call 000000018000c840 f   gpucoder_sobelEdge_sfun_registry.obj
 0001:0000ba70       sf_mex_unlock_call         000000018000ca70 f   gpucoder_sobelEdge_sfun_registry.obj
 0001:0000bd10       sf_machine_global_initializer_called 000000018000cd10 f   gpucoder_sobelEdge_sfun_registry.obj
 0001:0000bd40       sf_machine_global_method_dispatcher 000000018000cd40 f   gpucoder_sobelEdge_sfun_registry.obj
 0001:0000bda0       sf_machine_global_terminator 000000018000cda0 f   gpucoder_sobelEdge_sfun_registry.obj
 0001:0000bdf0       sf_register_machine_exported_symbols 000000018000cdf0 f   gpucoder_sobelEdge_sfun_registry.obj
 0001:0000be10       callCustomFcn              000000018000ce10 f   gpucoder_sobelEdge_sfun_registry.obj
 0001:0000be20       sf_machine_global_initializer 000000018000ce20 f   gpucoder_sobelEdge_sfun_registry.obj
 0001:0000bea0       mdlGetSimState             000000018000cea0 f   gpucoder_sobelEdge_sfun_registry.obj
 0001:0000bee0       mdlSetSimState             000000018000cee0 f   gpucoder_sobelEdge_sfun_registry.obj
 0001:0000c750       ProcessMexSfunctionEveryCall 000000018000d750 f   gpucoder_sobelEdge_sfun_registry.obj
 0001:0000d7b0       __local_stdio_printf_options 000000018000e7b0 f i gpucoder_sobelEdge_sfun_registry.obj
 0001:0000d7c0       _vsnprintf_l               000000018000e7c0 f i gpucoder_sobelEdge_sfun_registry.obj
 0001:0000d840       _vsprintf_l                000000018000e840 f i gpucoder_sobelEdge_sfun_registry.obj
 0001:0000d890       sprintf                    000000018000e890 f i gpucoder_sobelEdge_sfun_registry.obj
 0001:0000d8e0       mexfilerequiredapiversion  000000018000e8e0 f   c_mexapi_version.obj
 0001:0000d902       sobelEdge                  000000018000e902 f   sobelEdge:sobelEdge.dll
 0001:0000d908       sf_load_rtw_optimization_info 000000018000e908 f   sf_runtime:sf_runtime.dll
 0001:0000d90e       sf_debug_initialize_machine 000000018000e90e f   sf_runtime:sf_runtime.dll
 0001:0000d914       sf_debug_set_machine_event_thresholds 000000018000e914 f   sf_runtime:sf_runtime.dll
 0001:0000d91a       sf_debug_set_machine_data_thresholds 000000018000e91a f   sf_runtime:sf_runtime.dll
 0001:0000d920       sf_init_ChartRunTimeInfo   000000018000e920 f   sf_runtime:sf_runtime.dll
 0001:0000d926       sf_free_ChartRunTimeInfo   000000018000e926 f   sf_runtime:sf_runtime.dll
 0001:0000d92c       sfrtGetEmlrtCtx            000000018000e92c f   sf_runtime:sf_runtime.dll
 0001:0000d932       sf_get_chart_instance_ptr  000000018000e932 f   sf_runtime:sf_runtime.dll
 0001:0000d938       sf_rtw_info_uint_prop      000000018000e938 f   sf_runtime:sf_runtime.dll
 0001:0000d93e       sf_update_buildInfo        000000018000e93e f   sf_runtime:sf_runtime.dll
 0001:0000d944       sf_is_chart_inlinable      000000018000e944 f   sf_runtime:sf_runtime.dll
 0001:0000d94a       sf_mark_chart_reusable_outputs 000000018000e94a f   sf_runtime:sf_runtime.dll
 0001:0000d950       sf_mark_chart_expressionable_inputs 000000018000e950 f   sf_runtime:sf_runtime.dll
 0001:0000d956       sim_mode_is_rtw_gen        000000018000e956 f   sf_runtime:sf_runtime.dll
 0001:0000d95c       sim_mode_is_external       000000018000e95c f   sf_runtime:sf_runtime.dll
 0001:0000d962       sim_mode_is_modelref_sim   000000018000e962 f   sf_runtime:sf_runtime.dll
 0001:0000d968       sf_clear_rtw_identifier    000000018000e968 f   sf_runtime:sf_runtime.dll
 0001:0000d96e       sf_set_rtw_dwork_info      000000018000e96e f   sf_runtime:sf_runtime.dll
 0001:0000d974       sf_get_time                000000018000e974 f   sf_runtime:sf_runtime.dll
 0001:0000d97a       sf_is_first_init_cond      000000018000e97a f   sf_runtime:sf_runtime.dll
 0001:0000d980       sf_set_chart_accesses_machine_info 000000018000e980 f   sf_runtime:sf_runtime.dll
 0001:0000d986       sf_register_codegen_names_for_scoped_functions_defined_by_chart 000000018000e986 f   sf_runtime:sf_runtime.dll
 0001:0000d98c       ssSetBlockIsPurelyCombinatorial_wrapper 000000018000e98c f   sf_runtime:sf_runtime.dll
 0001:0000d992       sf_mex_error_message       000000018000e992 f   sf_runtime:sf_runtime.dll
 0001:0000d998       sf_mex_create              000000018000e998 f   sf_runtime:sf_runtime.dll
 0001:0000d99e       sf_mex_createcellmatrix    000000018000e99e f   sf_runtime:sf_runtime.dll
 0001:0000d9a4       sf_mex_setcell             000000018000e9a4 f   sf_runtime:sf_runtime.dll
 0001:0000d9aa       sf_mex_getcell             000000018000e9aa f   sf_runtime:sf_runtime.dll
 0001:0000d9b0       sf_mex_assign              000000018000e9b0 f   sf_runtime:sf_runtime.dll
 0001:0000d9b6       sf_mex_dup                 000000018000e9b6 f   sf_runtime:sf_runtime.dll
 0001:0000d9bc       sf_mex_destroy             000000018000e9bc f   sf_runtime:sf_runtime.dll
 0001:0000d9c2       sf_mex_import              000000018000e9c2 f   sf_runtime:sf_runtime.dll
 0001:0000d9c8       sf_mex_decode_encoded_mx_struct_array 000000018000e9c8 f   sf_runtime:sf_runtime.dll
 0001:0000d9ce       ssGetInputPortSignal_wrapper 000000018000e9ce f   sf_runtime:sf_runtime.dll
 0001:0000d9d4       ssGetOutputPortSignal_wrapper 000000018000e9d4 f   sf_runtime:sf_runtime.dll
 0001:0000d9da       sf_debug_initialize_chart  000000018000e9da f   sf_runtime:sf_runtime.dll
 0001:0000d9e0       sf_debug_call              000000018000e9e0 f   sf_runtime:sf_runtime.dll
 0001:0000d9e6       eml_debug_line_call        000000018000e9e6 f   sf_runtime:sf_runtime.dll
 0001:0000d9ec       cv_eml_eval                000000018000e9ec f   sf_runtime:sf_runtime.dll
 0001:0000d9f2       cv_eml_init_script         000000018000e9f2 f   sf_runtime:sf_runtime.dll
 0001:0000d9f8       cv_eml_init_fcn            000000018000e9f8 f   sf_runtime:sf_runtime.dll
 0001:0000d9fe       cv_script_eval             000000018000e9fe f   sf_runtime:sf_runtime.dll
 0001:0000da04       cv_script_init_script      000000018000ea04 f   sf_runtime:sf_runtime.dll
 0001:0000da0a       cv_script_init_fcn         000000018000ea0a f   sf_runtime:sf_runtime.dll
 0001:0000da10       cv_script_init_if          000000018000ea10 f   sf_runtime:sf_runtime.dll
 0001:0000da16       sf_debug_reset_current_state_configuration 000000018000ea16 f   sf_runtime:sf_runtime.dll
 0001:0000da1c       sf_debug_check_for_state_inconsistency 000000018000ea1c f   sf_runtime:sf_runtime.dll
 0001:0000da22       sf_debug_set_chart_data_props 000000018000ea22 f   sf_runtime:sf_runtime.dll
 0001:0000da28       sf_debug_set_chart_data_compiled_props 000000018000ea28 f   sf_runtime:sf_runtime.dll
 0001:0000da2e       sf_debug_symbol_scope_push 000000018000ea2e f   sf_runtime:sf_runtime.dll
 0001:0000da34       sf_debug_symbol_scope_push_eml 000000018000ea34 f   sf_runtime:sf_runtime.dll
 0001:0000da3a       sf_debug_symbol_scope_pop  000000018000ea3a f   sf_runtime:sf_runtime.dll
 0001:0000da40       sf_debug_symbol_scope_add_eml 000000018000ea40 f   sf_runtime:sf_runtime.dll
 0001:0000da46       sf_debug_symbol_scope_add_eml_importable 000000018000ea46 f   sf_runtime:sf_runtime.dll
 0001:0000da4c       sf_debug_set_instance_data_value_ptr 000000018000ea4c f   sf_runtime:sf_runtime.dll
 0001:0000da52       sf_debug_set_chart_disable_implicit_casting 000000018000ea52 f   sf_runtime:sf_runtime.dll
 0001:0000da58       sf_debug_set_chart_event_thresholds 000000018000ea58 f   sf_runtime:sf_runtime.dll
 0001:0000da5e       sf_debug_set_chart_state_info 000000018000ea5e f   sf_runtime:sf_runtime.dll
 0001:0000da64       sf_debug_set_chart_decomposition 000000018000ea64 f   sf_runtime:sf_runtime.dll
 0001:0000da6a       sf_debug_set_chart_substate_count 000000018000ea6a f   sf_runtime:sf_runtime.dll
 0001:0000da70       sf_debug_data_range_wrapper 000000018000ea70 f   sf_runtime:sf_runtime.dll
 0001:0000da76       sf_debug_cv_init_trans     000000018000ea76 f   sf_runtime:sf_runtime.dll
 0001:0000da7c       sf_debug_cv_init_chart     000000018000ea7c f   sf_runtime:sf_runtime.dll
 0001:0000da82       sf_debug_cv_init_state     000000018000ea82 f   sf_runtime:sf_runtime.dll
 0001:0000da88       sf_debug_get_script_id     000000018000ea88 f   sf_runtime:sf_runtime.dll
 0001:0000da8e       sf_debug_set_script_translation 000000018000ea8e f   sf_runtime:sf_runtime.dll
 0001:0000da94       sf_get_ChartInfoStruct_CodeGen 000000018000ea94 f   sf_runtime:sf_runtime.dll
 0001:0000da9a       sf_get_hasSeparateUpdateOutputs 000000018000ea9a f   sf_runtime:sf_runtime.dll
 0001:0000daa0       callMdlMethodAndReportError 000000018000eaa0 f   sf_runtime:sf_runtime.dll
 0001:0000daa6       call_sf_machine_global_method_dispatcher 000000018000eaa6 f   sf_runtime:sf_runtime.dll
 0001:0000daac       getRuntimeInstanceInfoAsVoid 000000018000eaac f   sf_runtime:sf_runtime.dll
 0001:0000dab2       sf_mex_error_direct_call   000000018000eab2 f   sf_runtime:sf_runtime.dll
 0001:0000dab8       sf_clear_error_manager_info 000000018000eab8 f   sf_runtime:sf_runtime.dll
 0001:0000dabe       sf_debug_create_debug_instance_struct 000000018000eabe f   sf_runtime:sf_runtime.dll
 0001:0000dac4       sf_debug_terminate         000000018000eac4 f   sf_runtime:sf_runtime.dll
 0001:0000daca       sf_debug_api               000000018000eaca f   sf_runtime:sf_runtime.dll
 0001:0000dad0       mxIsChar                   000000018000ead0 f   libmx:libmx.dll
 0001:0000dad6       mxGetPr                    000000018000ead6 f   libmx:libmx.dll
 0001:0000dadc       mxGetScalar                000000018000eadc f   libmx:libmx.dll
 0001:0000dae2       mxDestroyArray             000000018000eae2 f   libmx:libmx.dll
 0001:0000dae8       mxCreateDoubleMatrix_730   000000018000eae8 f   libmx:libmx.dll
 0001:0000daee       mxGetString_730            000000018000eaee f   libmx:libmx.dll
 0001:0000daf4       mxDuplicateArray           000000018000eaf4 f   libmx:libmx.dll
 0001:0000dafa       mxSetCell_730              000000018000eafa f   libmx:libmx.dll
 0001:0000db00       mxSetField_730             000000018000eb00 f   libmx:libmx.dll
 0001:0000db06       mxCreateDoubleScalar       000000018000eb06 f   libmx:libmx.dll
 0001:0000db0c       mxCreateString             000000018000eb0c f   libmx:libmx.dll
 0001:0000db12       mxCreateCellMatrix_730     000000018000eb12 f   libmx:libmx.dll
 0001:0000db18       mxCreateCellArray_730      000000018000eb18 f   libmx:libmx.dll
 0001:0000db1e       mxCreateStructMatrix_730   000000018000eb1e f   libmx:libmx.dll
 0001:0000db24       mxCreateStructArray_730    000000018000eb24 f   libmx:libmx.dll
 0001:0000db2a       mxCalloc                   000000018000eb2a f   libmx:libmx.dll
 0001:0000db30       mxGetM                     000000018000eb30 f   libmx:libmx.dll
 0001:0000db36       mxGetClassID               000000018000eb36 f   libmx:libmx.dll
 0001:0000db3c       mxIsNumeric                000000018000eb3c f   libmx:libmx.dll
 0001:0000db42       mxIsComplex                000000018000eb42 f   libmx:libmx.dll
 0001:0000db48       mxGetN                     000000018000eb48 f   libmx:libmx.dll
 0001:0000db4e       mexMakeArrayPersistent     000000018000eb4e f   libmex:libmex.dll
 0001:0000db54       mexErrMsgTxt               000000018000eb54 f   libmex:libmex.dll
 0001:0000db5a       mexWarnMsgTxt              000000018000eb5a f   libmex:libmex.dll
 0001:0000db60       mexCallMATLABWithObject    000000018000eb60 f   libmex:libmex.dll
 0001:0000db66       mexLock                    000000018000eb66 f   libmex:libmex.dll
 0001:0000db6c       mexUnlock                  000000018000eb6c f   libmex:libmex.dll
 0001:0000db72       mexIsLocked                000000018000eb72 f   libmex:libmex.dll
 0001:0000db78       utMalloc                   000000018000eb78 f   libut:libut.dll
 0001:0000db7e       utFree                     000000018000eb7e f   libut:libut.dll
 0001:0000db84       emlrtNameCaptureMxArrayR2016a 000000018000eb84 f   libemlrt:libemlrt.dll
 0001:0000db8c       __raise_securityfailure    000000018000eb8c f   MSVCRT:gs_report.obj
 0001:0000dbc0       __report_gsfailure         000000018000ebc0 f   MSVCRT:gs_report.obj
 0001:0000dc94       __report_rangecheckfailure 000000018000ec94 f   MSVCRT:gs_report.obj
 0001:0000dca8       __report_securityfailure   000000018000eca8 f   MSVCRT:gs_report.obj
 0001:0000dd44       __report_securityfailureEx 000000018000ed44 f   MSVCRT:gs_report.obj
 0001:0000df38       __GSHandlerCheck           000000018000ef38 f   MSVCRT:_gshandler_.obj
 0001:0000df58       __GSHandlerCheckCommon     000000018000ef58 f   MSVCRT:_gshandler_.obj
 0001:0000dfd0       __security_check_cookie    000000018000efd0 f   MSVCRT:_amdsecgs_.obj
 0001:0000e340       _CRT_INIT                  000000018000f340 f   MSVCRT:dll_dllmain.obj
 0001:0000e348       _DllMainCRTStartup         000000018000f348 f   MSVCRT:dll_dllmain.obj
 0001:0000e388       ??$__crt_fast_decode_pointer@PEAP6AXXZ@@YAPEAP6AXXZQEAP6AXXZ@Z 000000018000f388 f i MSVCRT:utility.obj
 0001:0000e3a0       ??$__crt_fast_encode_pointer@PEAP6AXXZ@@YAPEAP6AXXZQEAP6AXXZ@Z 000000018000f3a0 f i MSVCRT:utility.obj
 0001:0000e3c0       ?__crt_rotate_pointer_value@@YA_K_KH@Z 000000018000f3c0 f i MSVCRT:utility.obj
 0001:0000e3cc       ?configure_argv@__scrt_narrow_argv_policy@@SAHXZ 000000018000f3cc f i MSVCRT:utility.obj
 0001:0000e45c       NtCurrentTeb               000000018000f45c f i MSVCRT:utility.obj
 0001:0000e468       __scrt_acquire_startup_lock 000000018000f468 f   MSVCRT:utility.obj
 0001:0000e4a4       __scrt_dllmain_after_initialize_c 000000018000f4a4 f   MSVCRT:utility.obj
 0001:0000e4d8       __scrt_dllmain_before_initialize_c 000000018000f4d8 f   MSVCRT:utility.obj
 0001:0000e4f0       __scrt_dllmain_crt_thread_attach 000000018000f4f0 f   MSVCRT:utility.obj
 0001:0000e518       __scrt_dllmain_crt_thread_detach 000000018000f518 f   MSVCRT:utility.obj
 0001:0000e530       __scrt_dllmain_exception_filter 000000018000f530 f   MSVCRT:utility.obj
 0001:0000e594       __scrt_dllmain_uninitialize_c 000000018000f594 f   MSVCRT:utility.obj
 0001:0000e5c4       __scrt_dllmain_uninitialize_critical 000000018000f5c4 f   MSVCRT:utility.obj
 0001:0000e5d8       __scrt_initialize_crt      000000018000f5d8 f   MSVCRT:utility.obj
 0001:0000e624       __scrt_initialize_onexit_tables 000000018000f624 f   MSVCRT:utility.obj
 0001:0000e6f0       __scrt_is_nonwritable_in_current_image 000000018000f6f0 f   MSVCRT:utility.obj
 0001:0000e78c       __scrt_release_startup_lock 000000018000f78c f   MSVCRT:utility.obj
 0001:0000e7b0       __scrt_uninitialize_crt    000000018000f7b0 f   MSVCRT:utility.obj
 0001:0000e7dc       _onexit                    000000018000f7dc f   MSVCRT:utility.obj
 0001:0000e82c       at_quick_exit              000000018000f82c f   MSVCRT:utility.obj
 0001:0000e864       atexit                     000000018000f864 f   MSVCRT:utility.obj
 0001:0000e87c       __security_init_cookie     000000018000f87c f   MSVCRT:gs_support.obj
 0001:0000e928       DllMain                    000000018000f928 f   MSVCRT:dll_dllmain_stub.obj
 0001:0000e94c       ?__scrt_initialize_type_info@@YAXXZ 000000018000f94c f   MSVCRT:tncleanup.obj
 0001:0000e95c       ?__scrt_uninitialize_type_info@@YAXXZ 000000018000f95c f   MSVCRT:tncleanup.obj
 0001:0000e968       __local_stdio_scanf_options 000000018000f968 f i MSVCRT:default_local_stdio_options.obj
 0001:0000e970       __scrt_initialize_default_local_stdio_options 000000018000f970 f   MSVCRT:default_local_stdio_options.obj
 0001:0000e98c       __scrt_get_dyn_tls_init_callback 000000018000f98c f   MSVCRT:dyn_tls_init.obj
 0001:0000e994       __crt_debugger_hook        000000018000f994 f   MSVCRT:utility_desktop.obj
 0001:0000e99c       __scrt_fastfail            000000018000f99c f   MSVCRT:utility_desktop.obj
 0001:0000eae4       __scrt_get_show_window_mode 000000018000fae4 f   MSVCRT:utility_desktop.obj
 0001:0000eb20       __scrt_initialize_winrt    000000018000fb20 f   MSVCRT:utility_desktop.obj
 0001:0000eb24       __scrt_is_managed_app      000000018000fb24 f   MSVCRT:utility_desktop.obj
 0001:0000eb78       __scrt_set_unhandled_exception_filter 000000018000fb78 f   MSVCRT:utility_desktop.obj
 0001:0000eb88       __scrt_unhandled_exception_filter 000000018000fb88 f   MSVCRT:utility_desktop.obj
 0001:0000ebc0       _RTC_Initialize            000000018000fbc0 f   MSVCRT:_initsect_.obj
 0001:0000ec0c       _RTC_Terminate             000000018000fc0c f   MSVCRT:_initsect_.obj
 0001:0000ec58       _guard_check_icall         000000018000fc58 f i MSVCRT:checkcfg.obj
 0001:0000ec60       __isa_available_init       000000018000fc60 f   MSVCRT:_cpu_disp_.obj
 0001:0000ee28       _get_startup_argv_mode     000000018000fe28 f   MSVCRT:argv_mode.obj
 0001:0000ee30       __scrt_is_ucrt_dll_in_use  000000018000fe30 f   MSVCRT:ucrt_detection.obj
 0001:0000ee3c       _guard_check_icall_nop     000000018000fe3c f i MSVCRT:guard_support.obj
 0001:0000ee40       _guard_icall_checks_enforced 000000018000fe40 f i MSVCRT:guard_support.obj
 0001:0000ee60       RtlCaptureContext          000000018000fe60 f   kernel32:KERNEL32.dll
 0001:0000ee66       RtlLookupFunctionEntry     000000018000fe66 f   kernel32:KERNEL32.dll
 0001:0000ee6c       RtlVirtualUnwind           000000018000fe6c f   kernel32:KERNEL32.dll
 0001:0000ee72       UnhandledExceptionFilter   000000018000fe72 f   kernel32:KERNEL32.dll
 0001:0000ee78       SetUnhandledExceptionFilter 000000018000fe78 f   kernel32:KERNEL32.dll
 0001:0000ee7e       GetCurrentProcess          000000018000fe7e f   kernel32:KERNEL32.dll
 0001:0000ee84       TerminateProcess           000000018000fe84 f   kernel32:KERNEL32.dll
 0001:0000ee8a       IsProcessorFeaturePresent  000000018000fe8a f   kernel32:KERNEL32.dll
 0001:0000ee90       QueryPerformanceCounter    000000018000fe90 f   kernel32:KERNEL32.dll
 0001:0000ee96       GetCurrentProcessId        000000018000fe96 f   kernel32:KERNEL32.dll
 0001:0000ee9c       GetCurrentThreadId         000000018000fe9c f   kernel32:KERNEL32.dll
 0001:0000eea2       GetSystemTimeAsFileTime    000000018000fea2 f   kernel32:KERNEL32.dll
 0001:0000eea8       DisableThreadLibraryCalls  000000018000fea8 f   kernel32:KERNEL32.dll
 0001:0000eeae       InitializeSListHead        000000018000feae f   kernel32:KERNEL32.dll
 0001:0000eeb4       IsDebuggerPresent          000000018000feb4 f   kernel32:KERNEL32.dll
 0001:0000eeba       GetStartupInfoW            000000018000feba f   kernel32:KERNEL32.dll
 0001:0000eec0       GetModuleHandleW           000000018000fec0 f   kernel32:KERNEL32.dll
 0001:0000eec6       memset                     000000018000fec6 f   vcruntime:VCRUNTIME140.dll
 0001:0000eecc       memcpy                     000000018000fecc f   vcruntime:VCRUNTIME140.dll
 0001:0000eed2       __C_specific_handler       000000018000fed2 f   vcruntime:VCRUNTIME140.dll
 0001:0000eed8       __std_type_info_destroy_list 000000018000fed8 f   vcruntime:VCRUNTIME140.dll
 0001:0000eede       strcmp                     000000018000fede f   ucrt:api-ms-win-crt-string-l1-1-0.dll
 0001:0000eee4       __stdio_common_vsprintf    000000018000fee4 f   ucrt:api-ms-win-crt-stdio-l1-1-0.dll
 0001:0000eeea       free                       000000018000feea f   ucrt:api-ms-win-crt-heap-l1-1-0.dll
 0001:0000eef0       malloc                     000000018000fef0 f   ucrt:api-ms-win-crt-heap-l1-1-0.dll
 0001:0000eef6       strlen                     000000018000fef6 f   ucrt:api-ms-win-crt-string-l1-1-0.dll
 0001:0000eefc       _initterm                  000000018000fefc f   ucrt:api-ms-win-crt-runtime-l1-1-0.dll
 0001:0000ef02       _initterm_e                000000018000ff02 f   ucrt:api-ms-win-crt-runtime-l1-1-0.dll
 0001:0000ef08       _seh_filter_dll            000000018000ff08 f   ucrt:api-ms-win-crt-runtime-l1-1-0.dll
 0001:0000ef0e       _configure_narrow_argv     000000018000ff0e f   ucrt:api-ms-win-crt-runtime-l1-1-0.dll
 0001:0000ef14       _initialize_narrow_environment 000000018000ff14 f   ucrt:api-ms-win-crt-runtime-l1-1-0.dll
 0001:0000ef1a       _initialize_onexit_table   000000018000ff1a f   ucrt:api-ms-win-crt-runtime-l1-1-0.dll
 0001:0000ef20       _register_onexit_function  000000018000ff20 f   ucrt:api-ms-win-crt-runtime-l1-1-0.dll
 0001:0000ef26       _execute_onexit_table      000000018000ff26 f   ucrt:api-ms-win-crt-runtime-l1-1-0.dll
 0001:0000ef2c       _crt_atexit                000000018000ff2c f   ucrt:api-ms-win-crt-runtime-l1-1-0.dll
 0001:0000ef32       _crt_at_quick_exit         000000018000ff32 f   ucrt:api-ms-win-crt-runtime-l1-1-0.dll
 0001:0000ef38       _cexit                     000000018000ff38 f   ucrt:api-ms-win-crt-runtime-l1-1-0.dll
 0001:0000ef3e       terminate                  000000018000ff3e f   ucrt:api-ms-win-crt-runtime-l1-1-0.dll
 0001:0000ef44       __scrt_stub_for_acrt_initialize 000000018000ff44 f   MSVCRT:ucrt_stubs.obj
 0001:0000ef44       __acrt_initialize          000000018000ff44 f   MSVCRT:ucrt_stubs.obj
 0001:0000ef44       __vcrt_initialize          000000018000ff44 f   MSVCRT:ucrt_stubs.obj
 0001:0000ef48       __acrt_thread_attach       000000018000ff48 f   MSVCRT:ucrt_stubs.obj
 0001:0000ef48       __vcrt_thread_attach       000000018000ff48 f   MSVCRT:ucrt_stubs.obj
 0001:0000ef48       __scrt_stub_for_acrt_thread_attach 000000018000ff48 f   MSVCRT:ucrt_stubs.obj
 0001:0000ef4c       __scrt_stub_for_acrt_thread_detach 000000018000ff4c f   MSVCRT:ucrt_stubs.obj
 0001:0000ef4c       __acrt_thread_detach       000000018000ff4c f   MSVCRT:ucrt_stubs.obj
 0001:0000ef4c       __vcrt_thread_detach       000000018000ff4c f   MSVCRT:ucrt_stubs.obj
 0001:0000ef50       __acrt_uninitialize        000000018000ff50 f   MSVCRT:ucrt_stubs.obj
 0001:0000ef50       __vcrt_uninitialize        000000018000ff50 f   MSVCRT:ucrt_stubs.obj
 0001:0000ef50       __scrt_stub_for_acrt_uninitialize 000000018000ff50 f   MSVCRT:ucrt_stubs.obj
 0001:0000ef54       __scrt_stub_for_acrt_uninitialize_critical 000000018000ff54 f   MSVCRT:ucrt_stubs.obj
 0001:0000ef54       __vcrt_uninitialize_critical 000000018000ff54 f   MSVCRT:ucrt_stubs.obj
 0001:0000ef54       __acrt_uninitialize_critical 000000018000ff54 f   MSVCRT:ucrt_stubs.obj
 0001:0000ef58       _is_c_termination_complete 000000018000ff58 f   MSVCRT:ucrt_stubs.obj
 0001:0000ef58       __scrt_stub_for_is_c_termination_complete 000000018000ff58 f   MSVCRT:ucrt_stubs.obj
 0001:0000ef70       _guard_dispatch_icall_nop  000000018000ff70 f   MSVCRT:_guard_dispatch_.obj
 0002:00000000       __imp_GetModuleHandleW     0000000180010000     kernel32:KERNEL32.dll
 0002:00000008       __imp_TerminateProcess     0000000180010008     kernel32:KERNEL32.dll
 0002:00000010       __imp_RtlCaptureContext    0000000180010010     kernel32:KERNEL32.dll
 0002:00000018       __imp_RtlLookupFunctionEntry 0000000180010018     kernel32:KERNEL32.dll
 0002:00000020       __imp_IsProcessorFeaturePresent 0000000180010020     kernel32:KERNEL32.dll
 0002:00000028       __imp_QueryPerformanceCounter 0000000180010028     kernel32:KERNEL32.dll
 0002:00000030       __imp_GetCurrentProcessId  0000000180010030     kernel32:KERNEL32.dll
 0002:00000038       __imp_GetCurrentThreadId   0000000180010038     kernel32:KERNEL32.dll
 0002:00000040       __imp_GetSystemTimeAsFileTime 0000000180010040     kernel32:KERNEL32.dll
 0002:00000048       __imp_DisableThreadLibraryCalls 0000000180010048     kernel32:KERNEL32.dll
 0002:00000050       __imp_InitializeSListHead  0000000180010050     kernel32:KERNEL32.dll
 0002:00000058       __imp_IsDebuggerPresent    0000000180010058     kernel32:KERNEL32.dll
 0002:00000060       __imp_GetStartupInfoW      0000000180010060     kernel32:KERNEL32.dll
 0002:00000068       __imp_SetUnhandledExceptionFilter 0000000180010068     kernel32:KERNEL32.dll
 0002:00000070       __imp_UnhandledExceptionFilter 0000000180010070     kernel32:KERNEL32.dll
 0002:00000078       __imp_RtlVirtualUnwind     0000000180010078     kernel32:KERNEL32.dll
 0002:00000080       __imp_GetCurrentProcess    0000000180010080     kernel32:KERNEL32.dll
 0002:00000088       \177KERNEL32_NULL_THUNK_DATA 0000000180010088     kernel32:KERNEL32.dll
 0002:00000090       __imp_memcpy               0000000180010090     vcruntime:VCRUNTIME140.dll
 0002:00000098       __imp___C_specific_handler 0000000180010098     vcruntime:VCRUNTIME140.dll
 0002:000000a0       __imp___std_type_info_destroy_list 00000001800100a0     vcruntime:VCRUNTIME140.dll
 0002:000000a8       __imp_memset               00000001800100a8     vcruntime:VCRUNTIME140.dll
 0002:000000b0       \177VCRUNTIME140_NULL_THUNK_DATA 00000001800100b0     vcruntime:VCRUNTIME140.dll
 0002:000000b8       __imp_free                 00000001800100b8     ucrt:api-ms-win-crt-heap-l1-1-0.dll
 0002:000000c0       __imp_malloc               00000001800100c0     ucrt:api-ms-win-crt-heap-l1-1-0.dll
 0002:000000c8       \177api-ms-win-crt-heap-l1-1-0_NULL_THUNK_DATA 00000001800100c8     ucrt:api-ms-win-crt-heap-l1-1-0.dll
 0002:000000d0       __imp__seh_filter_dll      00000001800100d0     ucrt:api-ms-win-crt-runtime-l1-1-0.dll
 0002:000000d8       __imp__initterm_e          00000001800100d8     ucrt:api-ms-win-crt-runtime-l1-1-0.dll
 0002:000000e0       __imp__initialize_narrow_environment 00000001800100e0     ucrt:api-ms-win-crt-runtime-l1-1-0.dll
 0002:000000e8       __imp__initialize_onexit_table 00000001800100e8     ucrt:api-ms-win-crt-runtime-l1-1-0.dll
 0002:000000f0       __imp__register_onexit_function 00000001800100f0     ucrt:api-ms-win-crt-runtime-l1-1-0.dll
 0002:000000f8       __imp__execute_onexit_table 00000001800100f8     ucrt:api-ms-win-crt-runtime-l1-1-0.dll
 0002:00000100       __imp__crt_atexit          0000000180010100     ucrt:api-ms-win-crt-runtime-l1-1-0.dll
 0002:00000108       __imp__crt_at_quick_exit   0000000180010108     ucrt:api-ms-win-crt-runtime-l1-1-0.dll
 0002:00000110       __imp__cexit               0000000180010110     ucrt:api-ms-win-crt-runtime-l1-1-0.dll
 0002:00000118       __imp_terminate            0000000180010118     ucrt:api-ms-win-crt-runtime-l1-1-0.dll
 0002:00000120       __imp__initterm            0000000180010120     ucrt:api-ms-win-crt-runtime-l1-1-0.dll
 0002:00000128       __imp__configure_narrow_argv 0000000180010128     ucrt:api-ms-win-crt-runtime-l1-1-0.dll
 0002:00000130       \177api-ms-win-crt-runtime-l1-1-0_NULL_THUNK_DATA 0000000180010130     ucrt:api-ms-win-crt-runtime-l1-1-0.dll
 0002:00000138       __imp___stdio_common_vsprintf 0000000180010138     ucrt:api-ms-win-crt-stdio-l1-1-0.dll
 0002:00000140       \177api-ms-win-crt-stdio-l1-1-0_NULL_THUNK_DATA 0000000180010140     ucrt:api-ms-win-crt-stdio-l1-1-0.dll
 0002:00000148       __imp_strlen               0000000180010148     ucrt:api-ms-win-crt-string-l1-1-0.dll
 0002:00000150       __imp_strcmp               0000000180010150     ucrt:api-ms-win-crt-string-l1-1-0.dll
 0002:00000158       \177api-ms-win-crt-string-l1-1-0_NULL_THUNK_DATA 0000000180010158     ucrt:api-ms-win-crt-string-l1-1-0.dll
 0002:00000160       __imp_emlrtNameCaptureMxArrayR2016a 0000000180010160     libemlrt:libemlrt.dll
 0002:00000168       \177libemlrt_NULL_THUNK_DATA 0000000180010168     libemlrt:libemlrt.dll
 0002:00000170       __imp_mexIsLocked          0000000180010170     libmex:libmex.dll
 0002:00000178       __imp_mexUnlock            0000000180010178     libmex:libmex.dll
 0002:00000180       __imp_mexLock              0000000180010180     libmex:libmex.dll
 0002:00000188       __imp_mexCallMATLABWithObject 0000000180010188     libmex:libmex.dll
 0002:00000190       __imp_mexWarnMsgTxt        0000000180010190     libmex:libmex.dll
 0002:00000198       __imp_mexErrMsgTxt         0000000180010198     libmex:libmex.dll
 0002:000001a0       __imp_mexMakeArrayPersistent 00000001800101a0     libmex:libmex.dll
 0002:000001a8       \177libmex_NULL_THUNK_DATA 00000001800101a8     libmex:libmex.dll
 0002:000001b0       __imp_mxGetN               00000001800101b0     libmx:libmx.dll
 0002:000001b8       __imp_mxIsComplex          00000001800101b8     libmx:libmx.dll
 0002:000001c0       __imp_mxIsNumeric          00000001800101c0     libmx:libmx.dll
 0002:000001c8       __imp_mxGetClassID         00000001800101c8     libmx:libmx.dll
 0002:000001d0       __imp_mxGetM               00000001800101d0     libmx:libmx.dll
 0002:000001d8       __imp_mxCalloc             00000001800101d8     libmx:libmx.dll
 0002:000001e0       __imp_mxCreateStructArray_730 00000001800101e0     libmx:libmx.dll
 0002:000001e8       __imp_mxCreateStructMatrix_730 00000001800101e8     libmx:libmx.dll
 0002:000001f0       __imp_mxCreateCellArray_730 00000001800101f0     libmx:libmx.dll
 0002:000001f8       __imp_mxCreateCellMatrix_730 00000001800101f8     libmx:libmx.dll
 0002:00000200       __imp_mxCreateString       0000000180010200     libmx:libmx.dll
 0002:00000208       __imp_mxCreateDoubleScalar 0000000180010208     libmx:libmx.dll
 0002:00000210       __imp_mxSetField_730       0000000180010210     libmx:libmx.dll
 0002:00000218       __imp_mxSetCell_730        0000000180010218     libmx:libmx.dll
 0002:00000220       __imp_mxDuplicateArray     0000000180010220     libmx:libmx.dll
 0002:00000228       __imp_mxGetString_730      0000000180010228     libmx:libmx.dll
 0002:00000230       __imp_mxCreateDoubleMatrix_730 0000000180010230     libmx:libmx.dll
 0002:00000238       __imp_mxDestroyArray       0000000180010238     libmx:libmx.dll
 0002:00000240       __imp_mxGetScalar          0000000180010240     libmx:libmx.dll
 0002:00000248       __imp_mxGetPr              0000000180010248     libmx:libmx.dll
 0002:00000250       __imp_mxIsChar             0000000180010250     libmx:libmx.dll
 0002:00000258       \177libmx_NULL_THUNK_DATA  0000000180010258     libmx:libmx.dll
 0002:00000260       __imp_utMalloc             0000000180010260     libut:libut.dll
 0002:00000268       __imp_utFree               0000000180010268     libut:libut.dll
 0002:00000270       \177libut_NULL_THUNK_DATA  0000000180010270     libut:libut.dll
 0002:00000278       __imp_sf_debug_create_debug_instance_struct 0000000180010278     sf_runtime:sf_runtime.dll
 0002:00000280       __imp_sf_clear_error_manager_info 0000000180010280     sf_runtime:sf_runtime.dll
 0002:00000288       __imp_sf_mex_error_direct_call 0000000180010288     sf_runtime:sf_runtime.dll
 0002:00000290       __imp_getRuntimeInstanceInfoAsVoid 0000000180010290     sf_runtime:sf_runtime.dll
 0002:00000298       __imp_call_sf_machine_global_method_dispatcher 0000000180010298     sf_runtime:sf_runtime.dll
 0002:000002a0       __imp_callMdlMethodAndReportError 00000001800102a0     sf_runtime:sf_runtime.dll
 0002:000002a8       __imp_sf_get_hasSeparateUpdateOutputs 00000001800102a8     sf_runtime:sf_runtime.dll
 0002:000002b0       __imp_sf_get_ChartInfoStruct_CodeGen 00000001800102b0     sf_runtime:sf_runtime.dll
 0002:000002b8       __imp_sf_debug_set_script_translation 00000001800102b8     sf_runtime:sf_runtime.dll
 0002:000002c0       __imp_sf_debug_get_script_id 00000001800102c0     sf_runtime:sf_runtime.dll
 0002:000002c8       __imp_sf_debug_cv_init_state 00000001800102c8     sf_runtime:sf_runtime.dll
 0002:000002d0       __imp_sf_debug_cv_init_chart 00000001800102d0     sf_runtime:sf_runtime.dll
 0002:000002d8       __imp_sf_debug_cv_init_trans 00000001800102d8     sf_runtime:sf_runtime.dll
 0002:000002e0       __imp_sf_debug_data_range_wrapper 00000001800102e0     sf_runtime:sf_runtime.dll
 0002:000002e8       __imp_sf_debug_set_chart_decomposition 00000001800102e8     sf_runtime:sf_runtime.dll
 0002:000002f0       __imp_sf_debug_set_chart_state_info 00000001800102f0     sf_runtime:sf_runtime.dll
 0002:000002f8       __imp_sf_debug_set_chart_event_thresholds 00000001800102f8     sf_runtime:sf_runtime.dll
 0002:00000300       __imp_sf_debug_set_chart_disable_implicit_casting 0000000180010300     sf_runtime:sf_runtime.dll
 0002:00000308       __imp_sf_debug_set_instance_data_value_ptr 0000000180010308     sf_runtime:sf_runtime.dll
 0002:00000310       __imp_sf_debug_symbol_scope_add_eml_importable 0000000180010310     sf_runtime:sf_runtime.dll
 0002:00000318       __imp_sf_debug_symbol_scope_add_eml 0000000180010318     sf_runtime:sf_runtime.dll
 0002:00000320       __imp_sf_debug_symbol_scope_pop 0000000180010320     sf_runtime:sf_runtime.dll
 0002:00000328       __imp_sf_debug_symbol_scope_push_eml 0000000180010328     sf_runtime:sf_runtime.dll
 0002:00000330       __imp_sf_debug_symbol_scope_push 0000000180010330     sf_runtime:sf_runtime.dll
 0002:00000338       __imp_sf_debug_set_chart_data_compiled_props 0000000180010338     sf_runtime:sf_runtime.dll
 0002:00000340       __imp_sf_debug_set_chart_data_props 0000000180010340     sf_runtime:sf_runtime.dll
 0002:00000348       __imp_sf_debug_check_for_state_inconsistency 0000000180010348     sf_runtime:sf_runtime.dll
 0002:00000350       __imp_sf_debug_reset_current_state_configuration 0000000180010350     sf_runtime:sf_runtime.dll
 0002:00000358       __imp_cv_script_init_if    0000000180010358     sf_runtime:sf_runtime.dll
 0002:00000360       __imp_sf_debug_api         0000000180010360     sf_runtime:sf_runtime.dll
 0002:00000368       __imp_sf_debug_set_chart_substate_count 0000000180010368     sf_runtime:sf_runtime.dll
 0002:00000370       __imp_sf_debug_terminate   0000000180010370     sf_runtime:sf_runtime.dll
 0002:00000378       __imp_cv_script_init_fcn   0000000180010378     sf_runtime:sf_runtime.dll
 0002:00000380       __imp_cv_script_init_script 0000000180010380     sf_runtime:sf_runtime.dll
 0002:00000388       __imp_cv_script_eval       0000000180010388     sf_runtime:sf_runtime.dll
 0002:00000390       __imp_cv_eml_init_fcn      0000000180010390     sf_runtime:sf_runtime.dll
 0002:00000398       __imp_cv_eml_init_script   0000000180010398     sf_runtime:sf_runtime.dll
 0002:000003a0       __imp_cv_eml_eval          00000001800103a0     sf_runtime:sf_runtime.dll
 0002:000003a8       __imp_eml_debug_line_call  00000001800103a8     sf_runtime:sf_runtime.dll
 0002:000003b0       __imp_sf_debug_call        00000001800103b0     sf_runtime:sf_runtime.dll
 0002:000003b8       __imp_sf_debug_initialize_chart 00000001800103b8     sf_runtime:sf_runtime.dll
 0002:000003c0       __imp_ssGetOutputPortSignal_wrapper 00000001800103c0     sf_runtime:sf_runtime.dll
 0002:000003c8       __imp_ssGetInputPortSignal_wrapper 00000001800103c8     sf_runtime:sf_runtime.dll
 0002:000003d0       __imp_sf_mex_decode_encoded_mx_struct_array 00000001800103d0     sf_runtime:sf_runtime.dll
 0002:000003d8       __imp_sf_mex_import        00000001800103d8     sf_runtime:sf_runtime.dll
 0002:000003e0       __imp_sf_mex_destroy       00000001800103e0     sf_runtime:sf_runtime.dll
 0002:000003e8       __imp_sf_mex_dup           00000001800103e8     sf_runtime:sf_runtime.dll
 0002:000003f0       __imp_sf_mex_assign        00000001800103f0     sf_runtime:sf_runtime.dll
 0002:000003f8       __imp_sf_mex_getcell       00000001800103f8     sf_runtime:sf_runtime.dll
 0002:00000400       __imp_sf_mex_setcell       0000000180010400     sf_runtime:sf_runtime.dll
 0002:00000408       __imp_sf_mex_createcellmatrix 0000000180010408     sf_runtime:sf_runtime.dll
 0002:00000410       __imp_sf_mex_create        0000000180010410     sf_runtime:sf_runtime.dll
 0002:00000418       __imp_sf_mex_error_message 0000000180010418     sf_runtime:sf_runtime.dll
 0002:00000420       __imp_ssSetBlockIsPurelyCombinatorial_wrapper 0000000180010420     sf_runtime:sf_runtime.dll
 0002:00000428       __imp_sf_register_codegen_names_for_scoped_functions_defined_by_chart 0000000180010428     sf_runtime:sf_runtime.dll
 0002:00000430       __imp_sf_set_chart_accesses_machine_info 0000000180010430     sf_runtime:sf_runtime.dll
 0002:00000438       __imp_sf_is_first_init_cond 0000000180010438     sf_runtime:sf_runtime.dll
 0002:00000440       __imp_sf_get_time          0000000180010440     sf_runtime:sf_runtime.dll
 0002:00000448       __imp_sf_set_rtw_dwork_info 0000000180010448     sf_runtime:sf_runtime.dll
 0002:00000450       __imp_sf_clear_rtw_identifier 0000000180010450     sf_runtime:sf_runtime.dll
 0002:00000458       __imp_sim_mode_is_modelref_sim 0000000180010458     sf_runtime:sf_runtime.dll
 0002:00000460       __imp_sim_mode_is_external 0000000180010460     sf_runtime:sf_runtime.dll
 0002:00000468       __imp_sim_mode_is_rtw_gen  0000000180010468     sf_runtime:sf_runtime.dll
 0002:00000470       __imp_sf_mark_chart_expressionable_inputs 0000000180010470     sf_runtime:sf_runtime.dll
 0002:00000478       __imp_sf_mark_chart_reusable_outputs 0000000180010478     sf_runtime:sf_runtime.dll
 0002:00000480       __imp_sf_is_chart_inlinable 0000000180010480     sf_runtime:sf_runtime.dll
 0002:00000488       __imp_sf_update_buildInfo  0000000180010488     sf_runtime:sf_runtime.dll
 0002:00000490       __imp_sf_rtw_info_uint_prop 0000000180010490     sf_runtime:sf_runtime.dll
 0002:00000498       __imp_sf_get_chart_instance_ptr 0000000180010498     sf_runtime:sf_runtime.dll
 0002:000004a0       __imp_sfrtGetEmlrtCtx      00000001800104a0     sf_runtime:sf_runtime.dll
 0002:000004a8       __imp_sf_free_ChartRunTimeInfo 00000001800104a8     sf_runtime:sf_runtime.dll
 0002:000004b0       __imp_sf_init_ChartRunTimeInfo 00000001800104b0     sf_runtime:sf_runtime.dll
 0002:000004b8       __imp_sf_debug_set_machine_data_thresholds 00000001800104b8     sf_runtime:sf_runtime.dll
 0002:000004c0       __imp_sf_debug_set_machine_event_thresholds 00000001800104c0     sf_runtime:sf_runtime.dll
 0002:000004c8       __imp_sf_debug_initialize_machine 00000001800104c8     sf_runtime:sf_runtime.dll
 0002:000004d0       __imp_sf_load_rtw_optimization_info 00000001800104d0     sf_runtime:sf_runtime.dll
 0002:000004d8       \177sf_runtime_NULL_THUNK_DATA 00000001800104d8     sf_runtime:sf_runtime.dll
 0002:000004e0       __imp_sobelEdge            00000001800104e0     sobelEdge:sobelEdge.dll
 0002:000004e8       \177sobelEdge_NULL_THUNK_DATA 00000001800104e8     sobelEdge:sobelEdge.dll
 0002:000004f0       __guard_check_icall_fptr   00000001800104f0     MSVCRT:guard_support.obj
 0002:000004f8       __guard_dispatch_icall_fptr 00000001800104f8     MSVCRT:guard_support.obj
 0002:00000500       __xc_a                     0000000180010500     MSVCRT:initializers.obj
 0002:00000508       __xc_z                     0000000180010508     MSVCRT:initializers.obj
 0002:00000510       __xi_a                     0000000180010510     MSVCRT:initializers.obj
 0002:00000518       __xi_z                     0000000180010518     MSVCRT:initializers.obj
 0002:00000520       __xp_a                     0000000180010520     MSVCRT:initializers.obj
 0002:00000528       __xp_z                     0000000180010528     MSVCRT:initializers.obj
 0002:00000530       __xt_a                     0000000180010530     MSVCRT:initializers.obj
 0002:00000538       __xt_z                     0000000180010538     MSVCRT:initializers.obj
 0002:00000540       __real@41b389e8ad000000    0000000180010540     gpucoder_sobelEdge_sfun.obj
 0002:00000548       __real@41bcb3ffa6000000    0000000180010548     gpucoder_sobelEdge_sfun.obj
 0002:00000550       __real@41ced3bf04000000    0000000180010550     gpucoder_sobelEdge_sfun.obj
 0002:00000558       __real@41d1bbef77400000    0000000180010558     gpucoder_sobelEdge_sfun.obj
 0002:00000560       __real@41dc6c6ead800000    0000000180010560     gpucoder_sobelEdge_sfun.obj
 0002:00000568       __real@41e0b30a30a00000    0000000180010568     gpucoder_sobelEdge_sfun.obj
 0002:00000570       __real@41e0d30577800000    0000000180010570     gpucoder_sobelEdge_sfun.obj
 0002:00000578       __real@41e411de22600000    0000000180010578     gpucoder_sobelEdge_sfun.obj
 0002:00000580       __real@41ed4b84e9000000    0000000180010580     gpucoder_sobelEdge_sfun.obj
 0002:00000588       __real@41ed9c3f15a00000    0000000180010588     gpucoder_sobelEdge_sfun.obj
 0002:00000590       __real@41ed9ee610800000    0000000180010590     gpucoder_sobelEdge_sfun.obj
 0002:00000598       __real@41eec28159a00000    0000000180010598     gpucoder_sobelEdge_sfun.obj
 0002:000005a0       __real@3ff0000000000000    00000001800105a0     c2_gpucoder_sobelEdge.obj
 0002:000005a8       __real@4022000000000000    00000001800105a8     c2_gpucoder_sobelEdge.obj
 0002:000005b0       __real@406e000000000000    00000001800105b0     c2_gpucoder_sobelEdge.obj
 0002:000005b8       __real@4074000000000000    00000001800105b8     c2_gpucoder_sobelEdge.obj
 0002:000005c0       __real@41c8a4ab50000000    00000001800105c0     c2_gpucoder_sobelEdge.obj
 0002:000005c8       __real@41d9094c19400000    00000001800105c8     c2_gpucoder_sobelEdge.obj
 0002:000005d0       __real@41ed3bd91e200000    00000001800105d0     c2_gpucoder_sobelEdge.obj
 0002:000005d8       __real@41ef4fdc8d800000    00000001800105d8     c2_gpucoder_sobelEdge.obj
 0002:000005e0       DYNAMIC_DIMENSION_DEF      00000001800105e0     gpucoder_sobelEdge_sfun_registry.obj
 0002:000005f8       __real@0000000000000000    00000001800105f8     gpucoder_sobelEdge_sfun_registry.obj
 0002:00000600       __real@4010000000000000    0000000180010600     gpucoder_sobelEdge_sfun_registry.obj
 0002:00000608       __real@41602cbca0000000    0000000180010608     gpucoder_sobelEdge_sfun_registry.obj
 0002:00000610       __real@bff0000000000000    0000000180010610     gpucoder_sobelEdge_sfun_registry.obj
 0002:00000628       _pDefaultRawDllMain        0000000180010628     MSVCRT:dll_dllmain.obj
 0002:00000628       _pRawDllMain               0000000180010628     MSVCRT:dll_dllmain.obj
 0002:00000650       _load_config_used          0000000180010650     MSVCRT:loadcfg.obj
 0002:00000910       __rtc_iaa                  0000000180010910     MSVCRT:_initsect_.obj
 0002:00000918       __rtc_izz                  0000000180010918     MSVCRT:_initsect_.obj
 0002:00000920       __rtc_taa                  0000000180010920     MSVCRT:_initsect_.obj
 0002:00000928       __rtc_tzz                  0000000180010928     MSVCRT:_initsect_.obj
 0002:00001244       __IMPORT_DESCRIPTOR_sobelEdge 0000000180011244     sobelEdge:sobelEdge.dll
 0002:00001258       __IMPORT_DESCRIPTOR_sf_runtime 0000000180011258     sf_runtime:sf_runtime.dll
 0002:0000126c       __IMPORT_DESCRIPTOR_libmx  000000018001126c     libmx:libmx.dll
 0002:00001280       __IMPORT_DESCRIPTOR_libmex 0000000180011280     libmex:libmex.dll
 0002:00001294       __IMPORT_DESCRIPTOR_libut  0000000180011294     libut:libut.dll
 0002:000012a8       __IMPORT_DESCRIPTOR_libemlrt 00000001800112a8     libemlrt:libemlrt.dll
 0002:000012bc       __IMPORT_DESCRIPTOR_KERNEL32 00000001800112bc     kernel32:KERNEL32.dll
 0002:000012d0       __IMPORT_DESCRIPTOR_VCRUNTIME140 00000001800112d0     vcruntime:VCRUNTIME140.dll
 0002:000012e4       __IMPORT_DESCRIPTOR_api-ms-win-crt-string-l1-1-0 00000001800112e4     ucrt:api-ms-win-crt-string-l1-1-0.dll
 0002:000012f8       __IMPORT_DESCRIPTOR_api-ms-win-crt-stdio-l1-1-0 00000001800112f8     ucrt:api-ms-win-crt-stdio-l1-1-0.dll
 0002:0000130c       __IMPORT_DESCRIPTOR_api-ms-win-crt-heap-l1-1-0 000000018001130c     ucrt:api-ms-win-crt-heap-l1-1-0.dll
 0002:00001320       __IMPORT_DESCRIPTOR_api-ms-win-crt-runtime-l1-1-0 0000000180011320     ucrt:api-ms-win-crt-runtime-l1-1-0.dll
 0002:00001334       __NULL_IMPORT_DESCRIPTOR   0000000180011334     sobelEdge:sobelEdge.dll
 0003:00002270       DYNAMIC_DIMENSION          0000000180015270     gpucoder_sobelEdge_sfun_registry.obj
 0003:00003020       __security_cookie          0000000180016020     MSVCRT:gs_cookie.obj
 0003:00003028       __security_cookie_complement 0000000180016028     MSVCRT:gs_cookie.obj
 0003:00003030       _fltused                   0000000180016030     MSVCRT:dllsupp.obj
 0003:00003034       __scrt_native_dllmain_reason 0000000180016034     MSVCRT:utility.obj
 0003:00003038       __isa_available            0000000180016038     MSVCRT:_cpu_disp_.obj
 0003:0000303c       __isa_enabled              000000018001603c     MSVCRT:_cpu_disp_.obj
 0003:00003040       __memcpy_nt_iters          0000000180016040     MSVCRT:_cpu_disp_.obj
 0003:00003050       __scrt_ucrt_dll_is_in_use  0000000180016050     MSVCRT:ucrt_stubs.obj
 0003:00003080       sfGlobalDebugInstanceStruct 0000000180016080     gpucoder_sobelEdge_sfun_registry.obj
 0003:00004608       __scrt_current_native_startup_state 0000000180017608     MSVCRT:utility.obj
 0003:00004610       __scrt_native_startup_lock 0000000180017610     MSVCRT:utility.obj
 0003:00004650       ?__type_info_root_node@@3U__type_info_node@@A 0000000180017650     MSVCRT:tncleanup.obj
 0003:00004660       ?_OptionsStorage@?1??__local_stdio_printf_options@@9@4_KA 0000000180017660     MSVCRT:default_local_stdio_options.obj
 0003:00004668       ?_OptionsStorage@?1??__local_stdio_scanf_options@@9@4_KA 0000000180017668     MSVCRT:default_local_stdio_options.obj
 0003:00004670       __scrt_debugger_hook_flag  0000000180017670     MSVCRT:utility_desktop.obj
 0003:00004674       __favor                    0000000180017674     MSVCRT:_cpu_disp_.obj
 0003:00004678       ?_OptionsStorage@?1??__local_stdio_printf_options@@9@9 0000000180017678     <common>
 0003:00004680       _gpucoder_sobelEdgeMachineNumber_ 0000000180017680     <common>
 0003:00004688       __dyn_tls_init_callback    0000000180017688     <common>

 entry point at        0001:0000e348

 Static symbols

 0000:00000000       .debug$S                   0000000180000000     sf_runtime:sf_runtime.dll
 0000:00000000       .debug$S                   0000000180000000     gpucoder_sobelEdge_sfun.exp
 0000:00000000       .debug$S                   0000000180000000     sf_runtime:sf_runtime.dll
 0000:00000000       .debug$S                   0000000180000000     sf_runtime:sf_runtime.dll
 0000:00000000       .debug$S                   0000000180000000     sf_runtime:sf_runtime.dll
 0000:00000000       .debug$S                   0000000180000000     sf_runtime:sf_runtime.dll
 0000:00000000       .debug$S                   0000000180000000     sf_runtime:sf_runtime.dll
 0000:00000000       .debug$S                   0000000180000000     sf_runtime:sf_runtime.dll
 0000:00000000       .debug$S                   0000000180000000     ucrt:api-ms-win-crt-heap-l1-1-0.dll
 0000:00000000       .debug$S                   0000000180000000     ucrt:api-ms-win-crt-heap-l1-1-0.dll
 0000:00000000       .debug$S                   0000000180000000     ucrt:api-ms-win-crt-runtime-l1-1-0.dll
 0000:00000000       .debug$S                   0000000180000000     ucrt:api-ms-win-crt-runtime-l1-1-0.dll
 0000:00000000       .debug$S                   0000000180000000     ucrt:api-ms-win-crt-runtime-l1-1-0.dll
 0000:00000000       .debug$S                   0000000180000000     ucrt:api-ms-win-crt-runtime-l1-1-0.dll
 0000:00000000       .debug$S                   0000000180000000     ucrt:api-ms-win-crt-runtime-l1-1-0.dll
 0000:00000000       .debug$S                   0000000180000000     ucrt:api-ms-win-crt-runtime-l1-1-0.dll
 0000:00000000       .debug$S                   0000000180000000     ucrt:api-ms-win-crt-runtime-l1-1-0.dll
 0000:00000000       .debug$S                   0000000180000000     ucrt:api-ms-win-crt-runtime-l1-1-0.dll
 0000:00000000       .debug$S                   0000000180000000     ucrt:api-ms-win-crt-runtime-l1-1-0.dll
 0000:00000000       .debug$S                   0000000180000000     ucrt:api-ms-win-crt-runtime-l1-1-0.dll
 0000:00000000       .debug$S                   0000000180000000     ucrt:api-ms-win-crt-runtime-l1-1-0.dll
 0000:00000000       .debug$S                   0000000180000000     ucrt:api-ms-win-crt-runtime-l1-1-0.dll
 0000:00000000       .debug$S                   0000000180000000     sf_runtime:sf_runtime.dll
 0000:00000000       .debug$S                   0000000180000000     ucrt:api-ms-win-crt-stdio-l1-1-0.dll
 0000:00000000       .debug$S                   0000000180000000     sf_runtime:sf_runtime.dll
 0000:00000000       .debug$S                   0000000180000000     ucrt:api-ms-win-crt-string-l1-1-0.dll
 0000:00000000       .debug$S                   0000000180000000     ucrt:api-ms-win-crt-string-l1-1-0.dll
 0000:00000000       .debug$S                   0000000180000000     sf_runtime:sf_runtime.dll
 0000:00000000       .debug$S                   0000000180000000     vcruntime:VCRUNTIME140.dll
 0000:00000000       .debug$S                   0000000180000000     vcruntime:VCRUNTIME140.dll
 0000:00000000       .debug$S                   0000000180000000     vcruntime:VCRUNTIME140.dll
 0000:00000000       .debug$S                   0000000180000000     vcruntime:VCRUNTIME140.dll
 0000:00000000       .debug$S                   0000000180000000     sf_runtime:sf_runtime.dll
 0000:00000000       .debug$S                   0000000180000000     kernel32:KERNEL32.dll
 0000:00000000       .debug$S                   0000000180000000     kernel32:KERNEL32.dll
 0000:00000000       .debug$S                   0000000180000000     kernel32:KERNEL32.dll
 0000:00000000       .debug$S                   0000000180000000     kernel32:KERNEL32.dll
 0000:00000000       .debug$S                   0000000180000000     kernel32:KERNEL32.dll
 0000:00000000       .debug$S                   0000000180000000     kernel32:KERNEL32.dll
 0000:00000000       .debug$S                   0000000180000000     kernel32:KERNEL32.dll
 0000:00000000       .debug$S                   0000000180000000     kernel32:KERNEL32.dll
 0000:00000000       .debug$S                   0000000180000000     kernel32:KERNEL32.dll
 0000:00000000       .debug$S                   0000000180000000     kernel32:KERNEL32.dll
 0000:00000000       .debug$S                   0000000180000000     kernel32:KERNEL32.dll
 0000:00000000       .debug$S                   0000000180000000     kernel32:KERNEL32.dll
 0000:00000000       .debug$S                   0000000180000000     kernel32:KERNEL32.dll
 0000:00000000       .debug$S                   0000000180000000     kernel32:KERNEL32.dll
 0000:00000000       .debug$S                   0000000180000000     kernel32:KERNEL32.dll
 0000:00000000       .debug$S                   0000000180000000     kernel32:KERNEL32.dll
 0000:00000000       .debug$S                   0000000180000000     kernel32:KERNEL32.dll
 0000:00000000       .debug$S                   0000000180000000     sf_runtime:sf_runtime.dll
 0000:00000000       .debug$S                   0000000180000000     sf_runtime:sf_runtime.dll
 0000:00000000       .debug$S                   0000000180000000     sobelEdge:sobelEdge.dll
 0000:00000000       .debug$S                   0000000180000000     sf_runtime:sf_runtime.dll
 0000:00000000       .debug$S                   0000000180000000     sf_runtime:sf_runtime.dll
 0000:00000000       .debug$S                   0000000180000000     sf_runtime:sf_runtime.dll
 0000:00000000       .debug$S                   0000000180000000     sf_runtime:sf_runtime.dll
 0000:00000000       .debug$S                   0000000180000000     sf_runtime:sf_runtime.dll
 0000:00000000       .debug$S                   0000000180000000     sf_runtime:sf_runtime.dll
 0000:00000000       .debug$S                   0000000180000000     sf_runtime:sf_runtime.dll
 0000:00000000       .debug$S                   0000000180000000     sf_runtime:sf_runtime.dll
 0000:00000000       .debug$S                   0000000180000000     sf_runtime:sf_runtime.dll
 0000:00000000       .debug$S                   0000000180000000     sf_runtime:sf_runtime.dll
 0000:00000000       .debug$S                   0000000180000000     sf_runtime:sf_runtime.dll
 0000:00000000       .debug$S                   0000000180000000     sf_runtime:sf_runtime.dll
 0000:00000000       .debug$S                   0000000180000000     sf_runtime:sf_runtime.dll
 0000:00000000       .debug$S                   0000000180000000     sf_runtime:sf_runtime.dll
 0000:00000000       .debug$S                   0000000180000000     sf_runtime:sf_runtime.dll
 0000:00000000       .debug$S                   0000000180000000     sf_runtime:sf_runtime.dll
 0000:00000000       .debug$S                   0000000180000000     sf_runtime:sf_runtime.dll
 0000:00000000       .debug$S                   0000000180000000     sf_runtime:sf_runtime.dll
 0000:00000000       .debug$S                   0000000180000000     sf_runtime:sf_runtime.dll
 0000:00000000       .debug$S                   0000000180000000     sf_runtime:sf_runtime.dll
 0000:00000000       .debug$S                   0000000180000000     sf_runtime:sf_runtime.dll
 0000:00000000       .debug$S                   0000000180000000     sf_runtime:sf_runtime.dll
 0000:00000000       .debug$S                   0000000180000000     sf_runtime:sf_runtime.dll
 0000:00000000       .debug$S                   0000000180000000     sf_runtime:sf_runtime.dll
 0000:00000000       .debug$S                   0000000180000000     sf_runtime:sf_runtime.dll
 0000:00000000       .debug$S                   0000000180000000     sf_runtime:sf_runtime.dll
 0000:00000000       .debug$S                   0000000180000000     sf_runtime:sf_runtime.dll
 0000:00000000       .debug$S                   0000000180000000     sf_runtime:sf_runtime.dll
 0000:00000000       .debug$S                   0000000180000000     sf_runtime:sf_runtime.dll
 0000:00000000       .debug$S                   0000000180000000     sf_runtime:sf_runtime.dll
 0000:00000000       .debug$S                   0000000180000000     sf_runtime:sf_runtime.dll
 0000:00000000       .debug$S                   0000000180000000     sf_runtime:sf_runtime.dll
 0000:00000000       .debug$S                   0000000180000000     sf_runtime:sf_runtime.dll
 0000:00000000       .debug$S                   0000000180000000     sf_runtime:sf_runtime.dll
 0000:00000000       .debug$S                   0000000180000000     sf_runtime:sf_runtime.dll
 0000:00000000       .debug$S                   0000000180000000     sf_runtime:sf_runtime.dll
 0000:00000000       .debug$S                   0000000180000000     sf_runtime:sf_runtime.dll
 0000:00000000       .debug$S                   0000000180000000     sf_runtime:sf_runtime.dll
 0000:00000000       .debug$S                   0000000180000000     sf_runtime:sf_runtime.dll
 0000:00000000       .debug$S                   0000000180000000     sf_runtime:sf_runtime.dll
 0000:00000000       .debug$S                   0000000180000000     sf_runtime:sf_runtime.dll
 0000:00000000       .debug$S                   0000000180000000     sf_runtime:sf_runtime.dll
 0000:00000000       .debug$S                   0000000180000000     sf_runtime:sf_runtime.dll
 0000:00000000       .debug$S                   0000000180000000     sf_runtime:sf_runtime.dll
 0000:00000000       .debug$S                   0000000180000000     sf_runtime:sf_runtime.dll
 0000:00000000       .debug$S                   0000000180000000     sf_runtime:sf_runtime.dll
 0000:00000000       .debug$S                   0000000180000000     sf_runtime:sf_runtime.dll
 0000:00000000       .debug$S                   0000000180000000     sf_runtime:sf_runtime.dll
 0000:00000000       .debug$S                   0000000180000000     sf_runtime:sf_runtime.dll
 0000:00000000       .debug$S                   0000000180000000     sf_runtime:sf_runtime.dll
 0000:00000000       .debug$S                   0000000180000000     sf_runtime:sf_runtime.dll
 0000:00000000       .debug$S                   0000000180000000     sf_runtime:sf_runtime.dll
 0000:00000000       .debug$S                   0000000180000000     sf_runtime:sf_runtime.dll
 0000:00000000       .debug$S                   0000000180000000     sf_runtime:sf_runtime.dll
 0000:00000000       .debug$S                   0000000180000000     sf_runtime:sf_runtime.dll
 0000:00000000       .debug$S                   0000000180000000     sf_runtime:sf_runtime.dll
 0000:00000000       .debug$S                   0000000180000000     sf_runtime:sf_runtime.dll
 0000:00000000       .debug$S                   0000000180000000     sf_runtime:sf_runtime.dll
 0000:00000000       .debug$S                   0000000180000000     sf_runtime:sf_runtime.dll
 0000:00000000       .debug$S                   0000000180000000     sf_runtime:sf_runtime.dll
 0000:00000000       .debug$S                   0000000180000000     sf_runtime:sf_runtime.dll
 0000:00000000       .debug$S                   0000000180000000     libemlrt:libemlrt.dll
 0000:00000000       .debug$S                   0000000180000000     sf_runtime:sf_runtime.dll
 0000:00000000       .debug$S                   0000000180000000     libut:libut.dll
 0000:00000000       .debug$S                   0000000180000000     libut:libut.dll
 0000:00000000       .debug$S                   0000000180000000     sf_runtime:sf_runtime.dll
 0000:00000000       .debug$S                   0000000180000000     libmex:libmex.dll
 0000:00000000       .debug$S                   0000000180000000     libmex:libmex.dll
 0000:00000000       .debug$S                   0000000180000000     libmex:libmex.dll
 0000:00000000       .debug$S                   0000000180000000     libmex:libmex.dll
 0000:00000000       .debug$S                   0000000180000000     libmex:libmex.dll
 0000:00000000       .debug$S                   0000000180000000     libmex:libmex.dll
 0000:00000000       .debug$S                   0000000180000000     libmex:libmex.dll
 0000:00000000       .debug$S                   0000000180000000     libmx:libmx.dll
 0000:00000000       .debug$S                   0000000180000000     libmx:libmx.dll
 0000:00000000       .debug$S                   0000000180000000     libmx:libmx.dll
 0000:00000000       .debug$S                   0000000180000000     libmx:libmx.dll
 0000:00000000       .debug$S                   0000000180000000     libmx:libmx.dll
 0000:00000000       .debug$S                   0000000180000000     libmx:libmx.dll
 0000:00000000       .debug$S                   0000000180000000     libmx:libmx.dll
 0000:00000000       .debug$S                   0000000180000000     libmx:libmx.dll
 0000:00000000       .debug$S                   0000000180000000     libmx:libmx.dll
 0000:00000000       .debug$S                   0000000180000000     libmx:libmx.dll
 0000:00000000       .debug$S                   0000000180000000     libmx:libmx.dll
 0000:00000000       .debug$S                   0000000180000000     libmx:libmx.dll
 0000:00000000       .debug$S                   0000000180000000     libmx:libmx.dll
 0000:00000000       .debug$S                   0000000180000000     libmx:libmx.dll
 0000:00000000       .debug$S                   0000000180000000     libmx:libmx.dll
 0000:00000000       .debug$S                   0000000180000000     libmx:libmx.dll
 0000:00000000       .debug$S                   0000000180000000     libmx:libmx.dll
 0000:00000000       .debug$S                   0000000180000000     libmx:libmx.dll
 0000:00000000       .debug$S                   0000000180000000     libmx:libmx.dll
 0000:00000000       .debug$S                   0000000180000000     libmx:libmx.dll
 0000:00000000       .debug$S                   0000000180000000     libmx:libmx.dll
 0001:000011d0       chart_debug_initialization 00000001800021d0 f   c2_gpucoder_sobelEdge.obj
 0001:00001b60       chart_debug_initialize_data_addresses 0000000180002b60 f   c2_gpucoder_sobelEdge.obj
 0001:00001c60       initialize_c2_gpucoder_sobelEdge 0000000180002c60 f   c2_gpucoder_sobelEdge.obj
 0001:00001cd0       initialize_params_c2_gpucoder_sobelEdge 0000000180002cd0 f   c2_gpucoder_sobelEdge.obj
 0001:00001ce0       enable_c2_gpucoder_sobelEdge 0000000180002ce0 f   c2_gpucoder_sobelEdge.obj
 0001:00001d10       disable_c2_gpucoder_sobelEdge 0000000180002d10 f   c2_gpucoder_sobelEdge.obj
 0001:00001d40       c2_update_debugger_state_c2_gpucoder_sobelEdge 0000000180002d40 f   c2_gpucoder_sobelEdge.obj
 0001:00001d50       get_sim_state_c2_gpucoder_sobelEdge 0000000180002d50 f   c2_gpucoder_sobelEdge.obj
 0001:00001ed0       set_sim_state_c2_gpucoder_sobelEdge 0000000180002ed0 f   c2_gpucoder_sobelEdge.obj
 0001:00001ff0       finalize_c2_gpucoder_sobelEdge 0000000180002ff0 f   c2_gpucoder_sobelEdge.obj
 0001:00002000       sf_gateway_c2_gpucoder_sobelEdge 0000000180003000 f   c2_gpucoder_sobelEdge.obj
 0001:000029c0       mdl_start_c2_gpucoder_sobelEdge 00000001800039c0 f   c2_gpucoder_sobelEdge.obj
 0001:000029f0       initSimStructsc2_gpucoder_sobelEdge 00000001800039f0 f   c2_gpucoder_sobelEdge.obj
 0001:00002a00       init_script_number_translation 0000000180003a00 f   c2_gpucoder_sobelEdge.obj
 0001:00002a50       c2_sf_marshallOut          0000000180003a50 f   c2_gpucoder_sobelEdge.obj
 0001:00002bb0       c2_emlrt_marshallIn        0000000180003bb0 f   c2_gpucoder_sobelEdge.obj
 0001:00002c20       c2_b_emlrt_marshallIn      0000000180003c20 f   c2_gpucoder_sobelEdge.obj
 0001:00002d20       c2_sf_marshallIn           0000000180003d20 f   c2_gpucoder_sobelEdge.obj
 0001:00002e50       c2_b_sf_marshallOut        0000000180003e50 f   c2_gpucoder_sobelEdge.obj
 0001:00002f00       c2_c_emlrt_marshallIn      0000000180003f00 f   c2_gpucoder_sobelEdge.obj
 0001:00002f90       c2_b_sf_marshallIn         0000000180003f90 f   c2_gpucoder_sobelEdge.obj
 0001:00003030       c2_e_emlrt_marshallIn      0000000180004030 f   c2_gpucoder_sobelEdge.obj
 0001:000030a0       c2_f_emlrt_marshallIn      00000001800040a0 f   c2_gpucoder_sobelEdge.obj
 0001:00003130       init_dsm_address_info      0000000180004130 f   c2_gpucoder_sobelEdge.obj
 0001:00003140       init_simulink_io_address   0000000180004140 f   c2_gpucoder_sobelEdge.obj
 0001:00003960       sf_get_sim_state_info_c2_gpucoder_sobelEdge 0000000180004960 f   c2_gpucoder_sobelEdge.obj
 0001:00003a30       sf_get_instance_specialization 0000000180004a30 f   c2_gpucoder_sobelEdge.obj
 0001:00003a40       sf_opaque_initialize_c2_gpucoder_sobelEdge 0000000180004a40 f   c2_gpucoder_sobelEdge.obj
 0001:00003a80       sf_opaque_enable_c2_gpucoder_sobelEdge 0000000180004a80 f   c2_gpucoder_sobelEdge.obj
 0001:00003aa0       sf_opaque_disable_c2_gpucoder_sobelEdge 0000000180004aa0 f   c2_gpucoder_sobelEdge.obj
 0001:00003ac0       sf_opaque_gateway_c2_gpucoder_sobelEdge 0000000180004ac0 f   c2_gpucoder_sobelEdge.obj
 0001:00003ae0       sf_opaque_get_sim_state_c2_gpucoder_sobelEdge 0000000180004ae0 f   c2_gpucoder_sobelEdge.obj
 0001:00003b10       sf_opaque_set_sim_state_c2_gpucoder_sobelEdge 0000000180004b10 f   c2_gpucoder_sobelEdge.obj
 0001:00003b40       sf_opaque_terminate_c2_gpucoder_sobelEdge 0000000180004b40 f   c2_gpucoder_sobelEdge.obj
 0001:00003be0       mdlProcessParameters_c2_gpucoder_sobelEdge 0000000180004be0 f   c2_gpucoder_sobelEdge.obj
 0001:00003ca0       mdlSetWorkWidths_c2_gpucoder_sobelEdge 0000000180004ca0 f   c2_gpucoder_sobelEdge.obj
 0001:00004330       mdlRTW_c2_gpucoder_sobelEdge 0000000180005330 f   c2_gpucoder_sobelEdge.obj
 0001:00004370       mdlStart_c2_gpucoder_sobelEdge 0000000180005370 f   c2_gpucoder_sobelEdge.obj
 0001:00006aac       $LN180                     0000000180007aac     gpucoder_sobelEdge_sfun_registry.obj
 0001:00008c74       $LN17                      0000000180009c74     gpucoder_sobelEdge_sfun_registry.obj
 0001:000091fc       $LN26                      000000018000a1fc     gpucoder_sobelEdge_sfun_registry.obj
 0001:000098e4       $LN23                      000000018000a8e4     gpucoder_sobelEdge_sfun_registry.obj
 0001:00009eb4       $LN26                      000000018000aeb4     gpucoder_sobelEdge_sfun_registry.obj
 0001:0000bb60       sf_debug_api_wrapper       000000018000cb60 f   gpucoder_sobelEdge_sfun_registry.obj
 0001:0000bbb0       ProcessMexSfunctionCmdLineCall 000000018000cbb0 f   gpucoder_sobelEdge_sfun_registry.obj
 0001:0000bf20       mdlSetWorkWidths           000000018000cf20 f   gpucoder_sobelEdge_sfun_registry.obj
 0001:0000bf70       mdlProcessParameters       000000018000cf70 f   gpucoder_sobelEdge_sfun_registry.obj
 0001:0000bfa0       mdl_start_processing       000000018000cfa0 f   gpucoder_sobelEdge_sfun_registry.obj
 0001:0000c000       mdl_terminate_processing   000000018000d000 f   gpucoder_sobelEdge_sfun_registry.obj
 0001:0000c0c0       mdlStart                   000000018000d0c0 f   gpucoder_sobelEdge_sfun_registry.obj
 0001:0000c0f0       mdlTerminate               000000018000d0f0 f   gpucoder_sobelEdge_sfun_registry.obj
 0001:0000c120       mdlInitializeSizes         000000018000d120 f   gpucoder_sobelEdge_sfun_registry.obj
 0001:0000c150       mdlInitializeSampleTimes   000000018000d150 f   gpucoder_sobelEdge_sfun_registry.obj
 0001:0000c180       mdl_outputs_continuous_legacy 000000018000d180 f   gpucoder_sobelEdge_sfun_registry.obj
 0001:0000c280       mdl_outputs_processing     000000018000d280 f   gpucoder_sobelEdge_sfun_registry.obj
 0001:0000c3a0       mdl_zeroCrossings_processing 000000018000d3a0 f   gpucoder_sobelEdge_sfun_registry.obj
 0001:0000c3e0       mdlZeroCrossings           000000018000d3e0 f   gpucoder_sobelEdge_sfun_registry.obj
 0001:0000c410       mdl_derivatives_processing 000000018000d410 f   gpucoder_sobelEdge_sfun_registry.obj
 0001:0000c460       mdlDerivatives             000000018000d460 f   gpucoder_sobelEdge_sfun_registry.obj
 0001:0000c490       mdl_initialize_conditions_processing 000000018000d490 f   gpucoder_sobelEdge_sfun_registry.obj
[...]
 0004:00000204       $pdata$sf_opaque_get_sim_state_c2_gpucoder_sobelEdge 0000000180018204     c2_gpucoder_sobelEdge.obj
 0004:00000210       $pdata$sf_opaque_set_sim_state_c2_gpucoder_sobelEdge 0000000180018210     c2_gpucoder_sobelEdge.obj
 0004:0000021c       $pdata$sf_opaque_terminate_c2_gpucoder_sobelEdge 000000018001821c     c2_gpucoder_sobelEdge.obj
 0004:00000228       $pdata$mdlProcessParameters_c2_gpucoder_sobelEdge 0000000180018228     c2_gpucoder_sobelEdge.obj
 0004:00000234       $pdata$mdlSetWorkWidths_c2_gpucoder_sobelEdge 0000000180018234     c2_gpucoder_sobelEdge.obj
 0004:00000240       $pdata$mdlRTW_c2_gpucoder_sobelEdge 0000000180018240     c2_gpucoder_sobelEdge.obj
 0004:0000024c       $pdata$mdlStart_c2_gpucoder_sobelEdge 000000018001824c     c2_gpucoder_sobelEdge.obj
 0004:00000258       $pdata$mexFunction         0000000180018258     gpucoder_sobelEdge_sfun_registry.obj
 0004:00000264       $pdata$_ssSetInputPortDirectFeedThroughFcn 0000000180018264     gpucoder_sobelEdge_sfun_registry.obj
 0004:00000270       $pdata$_ssGetInputPortSignalPtrsFcn 0000000180018270     gpucoder_sobelEdge_sfun_registry.obj
 0004:0000027c       $pdata$_ssGetInputPortSignalFcn 000000018001827c     gpucoder_sobelEdge_sfun_registry.obj
 0004:00000288       $pdata$_ssSetInputPortReusableFcn 0000000180018288     gpucoder_sobelEdge_sfun_registry.obj
 0004:00000294       $pdata$_ssSetOutputPortReusableFcn 0000000180018294     gpucoder_sobelEdge_sfun_registry.obj
 0004:000002a0       $pdata$_ssSetSymbolicDimsSupport 00000001800182a0     gpucoder_sobelEdge_sfun_registry.obj
 0004:000002ac       $pdata$_ssRegisterSymbolicDimsExpr 00000001800182ac     gpucoder_sobelEdge_sfun_registry.obj
 0004:000002b8       $pdata$_ssRegisterSymbolicDims 00000001800182b8     gpucoder_sobelEdge_sfun_registry.obj
 0004:000002c4       $pdata$_ssRegisterSymbolicDimsString 00000001800182c4     gpucoder_sobelEdge_sfun_registry.obj
 0004:000002d0       $pdata$_ssRegisterSymbolicDimsIntValue 00000001800182d0     gpucoder_sobelEdge_sfun_registry.obj
 0004:000002dc       $pdata$_ssRegisterSymbolicDimsPlus 00000001800182dc     gpucoder_sobelEdge_sfun_registry.obj
 0004:000002e8       $pdata$_ssRegisterSymbolicDimsMinus 00000001800182e8     gpucoder_sobelEdge_sfun_registry.obj
 0004:000002f4       $pdata$_ssRegisterSymbolicDimsMultiply 00000001800182f4     gpucoder_sobelEdge_sfun_registry.obj
 0004:00000300       $pdata$_ssRegisterSymbolicDimsDivide 0000000180018300     gpucoder_sobelEdge_sfun_registry.obj
 0004:0000030c       $pdata$_ssGetNumSymbolicDims 000000018001830c     gpucoder_sobelEdge_sfun_registry.obj
 0004:00000318       $pdata$_ssGetSymbolicDim   0000000180018318     gpucoder_sobelEdge_sfun_registry.obj
 0004:00000324       $pdata$_ssSetInputPortSymbolicDimsId 0000000180018324     gpucoder_sobelEdge_sfun_registry.obj
 0004:00000330       $pdata$_ssGetCompInputPortSymbolicDimsId 0000000180018330     gpucoder_sobelEdge_sfun_registry.obj
 0004:0000033c       $pdata$_ssSetCompInputPortSymbolicDimsId 000000018001833c     gpucoder_sobelEdge_sfun_registry.obj
 0004:00000348       $pdata$_ssSetOutputPortSymbolicDimsId 0000000180018348     gpucoder_sobelEdge_sfun_registry.obj
 0004:00000354       $pdata$_ssGetCompOutputPortSymbolicDimsId 0000000180018354     gpucoder_sobelEdge_sfun_registry.obj
 0004:00000360       $pdata$_ssSetCompOutputPortSymbolicDimsId 0000000180018360     gpucoder_sobelEdge_sfun_registry.obj
 0004:0000036c       $pdata$_ssSetCompDWorkSymbolicDimsId 000000018001836c     gpucoder_sobelEdge_sfun_registry.obj
 0004:00000378       $pdata$ssGetIsZeroCrossControlDisabled 0000000180018378     gpucoder_sobelEdge_sfun_registry.obj
 0004:00000384       $pdata$ssSetIsInputPortUsedForContZcSignal 0000000180018384     gpucoder_sobelEdge_sfun_registry.obj
 0004:00000390       $pdata$ssSetZcSignalIsZcElementDisc 0000000180018390     gpucoder_sobelEdge_sfun_registry.obj
 0004:0000039c       $pdata$ssSetZcSignalName   000000018001839c     gpucoder_sobelEdge_sfun_registry.obj
 0004:000003a8       $pdata$ssSetZcSignalWidth  00000001800183a8     gpucoder_sobelEdge_sfun_registry.obj
 0004:000003b4       $pdata$ssSetZcSignalZcEventType 00000001800183b4     gpucoder_sobelEdge_sfun_registry.obj
 0004:000003c0       $pdata$ssSetZcSignalType   00000001800183c0     gpucoder_sobelEdge_sfun_registry.obj
 0004:000003cc       $pdata$ssSetZcSignalZcTol  00000001800183cc     gpucoder_sobelEdge_sfun_registry.obj
 0004:000003d8       $pdata$ssSetZcSignalNeedsEventNotification 00000001800183d8     gpucoder_sobelEdge_sfun_registry.obj
 0004:000003e4       $pdata$ssCreateAndAddZcSignalInfo 00000001800183e4     gpucoder_sobelEdge_sfun_registry.obj
 0004:000003f0       $pdata$ssCloneAndAddZcSignalInfo 00000001800183f0     gpucoder_sobelEdge_sfun_registry.obj
 0004:000003fc       $pdata$ssGetNumZcSignals   00000001800183fc     gpucoder_sobelEdge_sfun_registry.obj
 0004:00000408       $pdata$ssGetZcSignalVector 0000000180018408     gpucoder_sobelEdge_sfun_registry.obj
 0004:00000414       $pdata$ssGetZcSignalName   0000000180018414     gpucoder_sobelEdge_sfun_registry.obj
 0004:00000420       $pdata$ssGetZcSignalWidth  0000000180018420     gpucoder_sobelEdge_sfun_registry.obj
 0004:0000042c       $pdata$ssGetZcSignalZcEventType 000000018001842c     gpucoder_sobelEdge_sfun_registry.obj
 0004:00000438       $pdata$ssGetZcSignalZcEvents 0000000180018438     gpucoder_sobelEdge_sfun_registry.obj
 0004:00000444       $pdata$ssGetZcSignalType   0000000180018444     gpucoder_sobelEdge_sfun_registry.obj
 0004:00000450       $pdata$ssGetZcSignalZcTol  0000000180018450     gpucoder_sobelEdge_sfun_registry.obj
 0004:0000045c       $pdata$ssGetZcSignalNeedsEventNotification 000000018001845c     gpucoder_sobelEdge_sfun_registry.obj
 0004:00000468       $pdata$ssGetZcSignalIsZcElementDisc 0000000180018468     gpucoder_sobelEdge_sfun_registry.obj
 0004:00000474       $pdata$ssGetIsInputPortElementContinuous 0000000180018474     gpucoder_sobelEdge_sfun_registry.obj
 0004:00000480       $pdata$_ssSetIWorkValueFcn 0000000180018480     gpucoder_sobelEdge_sfun_registry.obj
 0004:0000048c       $pdata$_ssGetIWorkValueFcn 000000018001848c     gpucoder_sobelEdge_sfun_registry.obj
 0004:00000498       $pdata$_ssSetRWorkValueFcn 0000000180018498     gpucoder_sobelEdge_sfun_registry.obj
 0004:000004a4       $pdata$_ssGetRWorkValueFcn 00000001800184a4     gpucoder_sobelEdge_sfun_registry.obj
 0004:000004b0       $pdata$_ssSetPWorkValueFcn 00000001800184b0     gpucoder_sobelEdge_sfun_registry.obj
 0004:000004bc       $pdata$_ssGetPWorkValueFcn 00000001800184bc     gpucoder_sobelEdge_sfun_registry.obj
 0004:000004c8       $pdata$ssGetDTypeIdFromMxArray 00000001800184c8     gpucoder_sobelEdge_sfun_registry.obj
 0004:000004d4       $pdata$ssWriteRTWStr       00000001800184d4     gpucoder_sobelEdge_sfun_registry.obj
 0004:000004e0       $pdata$ssWriteRTWNameValuePair 00000001800184e0     gpucoder_sobelEdge_sfun_registry.obj
 0004:000004ec       $pdata$ssWriteRTWParamSettings 00000001800184ec     gpucoder_sobelEdge_sfun_registry.obj
 0004:000004f8       $pdata$ssWriteRTWParameters 00000001800184f8     gpucoder_sobelEdge_sfun_registry.obj
 0004:00000504       $pdata$ssWriteRTWWorkVect  0000000180018504     gpucoder_sobelEdge_sfun_registry.obj
 0004:00000510       $pdata$ssWriteRTWMxVectParam 0000000180018510     gpucoder_sobelEdge_sfun_registry.obj
 0004:0000051c       $pdata$ssWriteRTWMx2dMatParam 000000018001851c     gpucoder_sobelEdge_sfun_registry.obj
 0004:00000528       $pdata$_ssSetInputPortMatrixDimensions 0000000180018528     gpucoder_sobelEdge_sfun_registry.obj
 0004:00000534       $pdata$_ssSetOutputPortMatrixDimensions 0000000180018534     gpucoder_sobelEdge_sfun_registry.obj
 0004:00000540       $pdata$_ssSetInputPortVectorDimension 0000000180018540     gpucoder_sobelEdge_sfun_registry.obj
 0004:0000054c       $pdata$_ssSetOutputPortVectorDimension 000000018001854c     gpucoder_sobelEdge_sfun_registry.obj
 0004:00000558       $pdata$ssIsRunTimeParamTunable 0000000180018558     gpucoder_sobelEdge_sfun_registry.obj
 0004:00000564       $pdata$ssGetSFuncBlockHandle 0000000180018564     gpucoder_sobelEdge_sfun_registry.obj
 0004:00000570       $pdata$_ssGetCurrentInputPortWidth 0000000180018570     gpucoder_sobelEdge_sfun_registry.obj
 0004:0000057c       $pdata$_ssGetCurrentOutputPortWidth 000000018001857c     gpucoder_sobelEdge_sfun_registry.obj
 0004:00000588       $pdata$_ssGetCallSystemNumFcnCallDestinations 0000000180018588     gpucoder_sobelEdge_sfun_registry.obj
 0004:00000594       $pdata$ssGetParameterTuningCompliance 0000000180018594     gpucoder_sobelEdge_sfun_registry.obj
 0004:000005a0       $pdata$ssWarning           00000001800185a0     gpucoder_sobelEdge_sfun_registry.obj
 0004:000005ac       $pdata$_ssGetAbsTol        00000001800185ac     gpucoder_sobelEdge_sfun_registry.obj
 0004:000005b8       $pdata$sf_process_check_sum_call 00000001800185b8     gpucoder_sobelEdge_sfun_registry.obj
 0004:000005c4       $pdata$sf_process_autoinheritance_call 00000001800185c4     gpucoder_sobelEdge_sfun_registry.obj
 0004:000005d0       $pdata$sf_process_get_third_party_uses_info_call 00000001800185d0     gpucoder_sobelEdge_sfun_registry.obj
 0004:000005dc       $pdata$sf_process_get_jit_fallback_info_call 00000001800185dc     gpucoder_sobelEdge_sfun_registry.obj
 0004:000005e8       $pdata$sf_process_get_updateBuildInfo_args_info_call 00000001800185e8     gpucoder_sobelEdge_sfun_registry.obj
 0004:000005f4       $pdata$sf_process_get_eml_resolved_functions_info_call 00000001800185f4     gpucoder_sobelEdge_sfun_registry.obj
 0004:00000600       $pdata$sf_mex_unlock_call  0000000180018600     gpucoder_sobelEdge_sfun_registry.obj
 0004:0000060c       $pdata$sf_debug_api_wrapper 000000018001860c     gpucoder_sobelEdge_sfun_registry.obj
 0004:00000618       $pdata$ProcessMexSfunctionCmdLineCall 0000000180018618     gpucoder_sobelEdge_sfun_registry.obj
 0004:00000624       $pdata$sf_machine_global_initializer_called 0000000180018624     gpucoder_sobelEdge_sfun_registry.obj
 0004:00000630       $pdata$sf_machine_global_method_dispatcher 0000000180018630     gpucoder_sobelEdge_sfun_registry.obj
 0004:0000063c       $pdata$sf_machine_global_terminator 000000018001863c     gpucoder_sobelEdge_sfun_registry.obj
 0004:00000648       $pdata$sf_register_machine_exported_symbols 0000000180018648     gpucoder_sobelEdge_sfun_registry.obj
 0004:00000654       $pdata$sf_machine_global_initializer 0000000180018654     gpucoder_sobelEdge_sfun_registry.obj
 0004:00000660       $pdata$mdlGetSimState      0000000180018660     gpucoder_sobelEdge_sfun_registry.obj
 0004:0000066c       $pdata$mdlSetSimState      000000018001866c     gpucoder_sobelEdge_sfun_registry.obj
 0004:00000678       $pdata$mdlSetWorkWidths    0000000180018678     gpucoder_sobelEdge_sfun_registry.obj
 0004:00000684       $pdata$mdlProcessParameters 0000000180018684     gpucoder_sobelEdge_sfun_registry.obj
 0004:00000690       $pdata$mdl_start_processing 0000000180018690     gpucoder_sobelEdge_sfun_registry.obj
 0004:0000069c       $pdata$mdl_terminate_processing 000000018001869c     gpucoder_sobelEdge_sfun_registry.obj
 0004:000006a8       $pdata$mdlStart            00000001800186a8     gpucoder_sobelEdge_sfun_registry.obj
 0004:000006b4       $pdata$mdlTerminate        00000001800186b4     gpucoder_sobelEdge_sfun_registry.obj
 0004:000006c0       $pdata$mdlInitializeSizes  00000001800186c0     gpucoder_sobelEdge_sfun_registry.obj
 0004:000006cc       $pdata$mdlInitializeSampleTimes 00000001800186cc     gpucoder_sobelEdge_sfun_registry.obj
 0004:000006d8       $pdata$mdl_outputs_continuous_legacy 00000001800186d8     gpucoder_sobelEdge_sfun_registry.obj
 0004:000006e4       $pdata$mdl_outputs_processing 00000001800186e4     gpucoder_sobelEdge_sfun_registry.obj
 0004:000006f0       $pdata$mdl_zeroCrossings_processing 00000001800186f0     gpucoder_sobelEdge_sfun_registry.obj
 0004:000006fc       $pdata$mdlZeroCrossings    00000001800186fc     gpucoder_sobelEdge_sfun_registry.obj
 0004:00000708       $pdata$mdl_derivatives_processing 0000000180018708     gpucoder_sobelEdge_sfun_registry.obj
 0004:00000714       $pdata$mdlDerivatives      0000000180018714     gpucoder_sobelEdge_sfun_registry.obj
 0004:00000720       $pdata$mdl_initialize_conditions_processing 0000000180018720     gpucoder_sobelEdge_sfun_registry.obj
 0004:0000072c       $pdata$mdlInitializeConditions 000000018001872c     gpucoder_sobelEdge_sfun_registry.obj
 0004:00000738       $pdata$mdl_ext_mode_exec_processing 0000000180018738     gpucoder_sobelEdge_sfun_registry.obj
 0004:00000744       $pdata$mdlExtModeExec      0000000180018744     gpucoder_sobelEdge_sfun_registry.obj
 0004:00000750       $pdata$mdlRTW              0000000180018750     gpucoder_sobelEdge_sfun_registry.obj
 0004:0000075c       $pdata$mdl_enable_processing 000000018001875c     gpucoder_sobelEdge_sfun_registry.obj
 0004:00000768       $pdata$mdlEnable           0000000180018768     gpucoder_sobelEdge_sfun_registry.obj
 0004:00000774       $pdata$mdl_disable_processing 0000000180018774     gpucoder_sobelEdge_sfun_registry.obj
 0004:00000780       $pdata$mdlDisable          0000000180018780     gpucoder_sobelEdge_sfun_registry.obj
 0004:0000078c       $pdata$mdlOutputs          000000018001878c     gpucoder_sobelEdge_sfun_registry.obj
 0004:00000798       $pdata$mdl_update_processing 0000000180018798     gpucoder_sobelEdge_sfun_registry.obj
 0004:000007a4       $pdata$mdlUpdate           00000001800187a4     gpucoder_sobelEdge_sfun_registry.obj
 0004:000007b0       $pdata$ProcessMexSfunctionEveryCall 00000001800187b0     gpucoder_sobelEdge_sfun_registry.obj
 0004:000007bc       $pdata$_RegNumInputPortsCB 00000001800187bc     gpucoder_sobelEdge_sfun_registry.obj
 0004:000007c8       $pdata$_RegNumOutputPortsCB 00000001800187c8     gpucoder_sobelEdge_sfun_registry.obj
 0004:000007d4       $pdata$_CreateSimStruct    00000001800187d4     gpucoder_sobelEdge_sfun_registry.obj
 0004:000007e0       $pdata$_ProcessMexSfunctionCmdLineCall 00000001800187e0     gpucoder_sobelEdge_sfun_registry.obj
 0004:000007ec       $pdata$ReportIndexOutOfBoundsError 00000001800187ec     gpucoder_sobelEdge_sfun_registry.obj
 0004:000007f8       $pdata$_vsnprintf_l        00000001800187f8     gpucoder_sobelEdge_sfun_registry.obj
 0004:00000804       $pdata$_vsprintf_l         0000000180018804     gpucoder_sobelEdge_sfun_registry.obj
 0004:00000810       $pdata$sprintf             0000000180018810     gpucoder_sobelEdge_sfun_registry.obj
 0004:0000081c       $pdata$__raise_securityfailure 000000018001881c     MSVCRT:gs_report.obj
 0004:00000828       $pdata$__report_gsfailure  0000000180018828     MSVCRT:gs_report.obj
 0004:00000834       $pdata$__report_rangecheckfailure 0000000180018834     MSVCRT:gs_report.obj
 0004:00000840       $pdata$__report_securityfailure 0000000180018840     MSVCRT:gs_report.obj
 0004:0000084c       $pdata$__report_securityfailureEx 000000018001884c     MSVCRT:gs_report.obj
 0004:00000858       $pdata$capture_current_context 0000000180018858     MSVCRT:gs_report.obj
 0004:00000864       $pdata$capture_previous_context 0000000180018864     MSVCRT:gs_report.obj
 0004:00000870       $pdata$__GSHandlerCheck    0000000180018870     MSVCRT:_gshandler_.obj
 0004:0000087c       $pdata$__GSHandlerCheckCommon 000000018001887c     MSVCRT:_gshandler_.obj
 0004:00000894       $pdata$?dllmain_crt_dispatch@@YAHQEAUHINSTANCE__@@KQEAX@Z 0000000180018894     MSVCRT:dll_dllmain.obj
 0004:000008a0       $pdata$?dllmain_crt_process_attach@@YAHQEAUHINSTANCE__@@QEAX@Z 00000001800188a0     MSVCRT:dll_dllmain.obj
 0004:000008ac       $pdata$?dllmain_crt_process_detach@@YAH_N@Z 00000001800188ac     MSVCRT:dll_dllmain.obj
 0004:000008b8       $pdata$?dllmain_dispatch@@YAHQEAUHINSTANCE__@@KQEAX@Z 00000001800188b8     MSVCRT:dll_dllmain.obj
 0004:000008c4       $pdata$?dllmain_raw@@YAHQEAUHINSTANCE__@@KQEAX@Z 00000001800188c4     MSVCRT:dll_dllmain.obj
 0004:000008d0       $pdata$_DllMainCRTStartup  00000001800188d0     MSVCRT:dll_dllmain.obj
 0004:000008dc       $pdata$?configure_argv@__scrt_narrow_argv_policy@@SAHXZ 00000001800188dc     MSVCRT:utility.obj
 0004:000008e8       $pdata$__scrt_acquire_startup_lock 00000001800188e8     MSVCRT:utility.obj
 0004:000008f4       $pdata$__scrt_dllmain_after_initialize_c 00000001800188f4     MSVCRT:utility.obj
 0004:00000900       $pdata$__scrt_dllmain_before_initialize_c 0000000180018900     MSVCRT:utility.obj
 0004:0000090c       $pdata$__scrt_dllmain_crt_thread_attach 000000018001890c     MSVCRT:utility.obj
 0004:00000918       $pdata$__scrt_dllmain_crt_thread_detach 0000000180018918     MSVCRT:utility.obj
 0004:00000924       $pdata$__scrt_dllmain_exception_filter 0000000180018924     MSVCRT:utility.obj
 0004:00000930       $pdata$__scrt_dllmain_uninitialize_c 0000000180018930     MSVCRT:utility.obj
 0004:0000093c       $pdata$__scrt_dllmain_uninitialize_critical 000000018001893c     MSVCRT:utility.obj
 0004:00000948       $pdata$__scrt_initialize_crt 0000000180018948     MSVCRT:utility.obj
 0004:00000954       $pdata$__scrt_initialize_onexit_tables 0000000180018954     MSVCRT:utility.obj
 0004:00000960       $pdata$__scrt_is_nonwritable_in_current_image 0000000180018960     MSVCRT:utility.obj
 0004:0000096c       $pdata$__scrt_release_startup_lock 000000018001896c     MSVCRT:utility.obj
 0004:00000978       $pdata$__scrt_uninitialize_crt 0000000180018978     MSVCRT:utility.obj
 0004:00000984       $pdata$_onexit             0000000180018984     MSVCRT:utility.obj
 0004:00000990       $pdata$atexit              0000000180018990     MSVCRT:utility.obj
 0004:0000099c       $pdata$__security_init_cookie 000000018001899c     MSVCRT:gs_support.obj
 0004:000009a8       $pdata$DllMain             00000001800189a8     MSVCRT:dll_dllmain_stub.obj
 0004:000009b4       $pdata$__scrt_initialize_default_local_stdio_options 00000001800189b4     MSVCRT:default_local_stdio_options.obj
 0004:000009c0       $pdata$__scrt_fastfail     00000001800189c0     MSVCRT:utility_desktop.obj
 0004:000009cc       $pdata$__scrt_get_show_window_mode 00000001800189cc     MSVCRT:utility_desktop.obj
 0004:000009d8       $pdata$__scrt_is_managed_app 00000001800189d8     MSVCRT:utility_desktop.obj
 0004:000009e4       $pdata$__scrt_unhandled_exception_filter 00000001800189e4     MSVCRT:utility_desktop.obj
 0004:000009f0       $pdata$_RTC_Initialize     00000001800189f0     MSVCRT:_initsect_.obj
 0004:000009fc       $pdata$_RTC_Terminate      00000001800189fc     MSVCRT:_initsect_.obj
 0004:00000a08       $pdata$__isa_available_init 0000000180018a08     MSVCRT:_cpu_disp_.obj
 0004:00000a20       $pdata$?fin$0@?0??dllmain_crt_process_attach@@YAHQEAUHINSTANCE__@@QEAX@Z@4HA 0000000180018a20     MSVCRT:dll_dllmain.obj
 0004:00000a2c       $pdata$?fin$0@?0??dllmain_crt_process_detach@@YAH_N@Z@4HA 0000000180018a2c     MSVCRT:dll_dllmain.obj
 0004:00000a38       $pdata$?filt$0@?0??dllmain_dispatch@@YAHQEAUHINSTANCE__@@KQEAX@Z@4HA 0000000180018a38     MSVCRT:dll_dllmain.obj
 0004:00000a44       $pdata$__scrt_is_nonwritable_in_current_image$filt$0 0000000180018a44     MSVCRT:utility.obj
 0005:00000000       __guard_fids_?dllmain_crt_process_attach@@YAHQEAUHINSTANCE__@@QEAX@Z 0000000180019000     MSVCRT:dll_dllmain.obj
 0005:00000008       __guard_fids_?dllmain_dispatch@@YAHQEAUHINSTANCE__@@KQEAX@Z 0000000180019008     MSVCRT:dll_dllmain.obj
 0005:0000000c       __guard_fids___scrt_set_unhandled_exception_filter 000000018001900c     MSVCRT:utility_desktop.obj
 0005:00000010       __guard_fids__             0000000180019010     MSVCRT:guard_support.obj
 0005:00000014       __guard_fids__guard_icall_checks_enforced 0000000180019014     MSVCRT:guard_support.obj
